Archive member included to satisfy reference by file (symbol)

C:/ST/STM32CubeIDE_1.13.2/STM32CubeIDE/plugins/com.st.stm32cube.ide.mcu.externaltools.gnu-tools-for-stm32.11.3.rel1.win32_1.1.1.202309131626/tools/bin/../lib/gcc/arm-none-eabi/11.3.1/../../../../arm-none-eabi/lib/thumb/v7e-m+fp/hard\libc_nano.a(libc_a-exit.o)
                              C:/ST/STM32CubeIDE_1.13.2/STM32CubeIDE/plugins/com.st.stm32cube.ide.mcu.externaltools.gnu-tools-for-stm32.11.3.rel1.win32_1.1.1.202309131626/tools/bin/../lib/gcc/arm-none-eabi/11.3.1/../../../../arm-none-eabi/lib/thumb/v7e-m+fp/hard/crt0.o (exit)
C:/ST/STM32CubeIDE_1.13.2/STM32CubeIDE/plugins/com.st.stm32cube.ide.mcu.externaltools.gnu-tools-for-stm32.11.3.rel1.win32_1.1.1.202309131626/tools/bin/../lib/gcc/arm-none-eabi/11.3.1/../../../../arm-none-eabi/lib/thumb/v7e-m+fp/hard\libc_nano.a(libc_a-findfp.o)
                              ./Middlewares/Third_Party/FreeRTOS/Source/tasks.o (__sf)
C:/ST/STM32CubeIDE_1.13.2/STM32CubeIDE/plugins/com.st.stm32cube.ide.mcu.externaltools.gnu-tools-for-stm32.11.3.rel1.win32_1.1.1.202309131626/tools/bin/../lib/gcc/arm-none-eabi/11.3.1/../../../../arm-none-eabi/lib/thumb/v7e-m+fp/hard\libc_nano.a(libc_a-fwalk.o)
                              C:/ST/STM32CubeIDE_1.13.2/STM32CubeIDE/plugins/com.st.stm32cube.ide.mcu.externaltools.gnu-tools-for-stm32.11.3.rel1.win32_1.1.1.202309131626/tools/bin/../lib/gcc/arm-none-eabi/11.3.1/../../../../arm-none-eabi/lib/thumb/v7e-m+fp/hard\libc_nano.a(libc_a-findfp.o) (_fwalk_sglue)
C:/ST/STM32CubeIDE_1.13.2/STM32CubeIDE/plugins/com.st.stm32cube.ide.mcu.externaltools.gnu-tools-for-stm32.11.3.rel1.win32_1.1.1.202309131626/tools/bin/../lib/gcc/arm-none-eabi/11.3.1/../../../../arm-none-eabi/lib/thumb/v7e-m+fp/hard\libc_nano.a(libc_a-printf.o)
                              ./Core/Src/main.o (printf)
C:/ST/STM32CubeIDE_1.13.2/STM32CubeIDE/plugins/com.st.stm32cube.ide.mcu.externaltools.gnu-tools-for-stm32.11.3.rel1.win32_1.1.1.202309131626/tools/bin/../lib/gcc/arm-none-eabi/11.3.1/../../../../arm-none-eabi/lib/thumb/v7e-m+fp/hard\libc_nano.a(libc_a-stdio.o)
                              C:/ST/STM32CubeIDE_1.13.2/STM32CubeIDE/plugins/com.st.stm32cube.ide.mcu.externaltools.gnu-tools-for-stm32.11.3.rel1.win32_1.1.1.202309131626/tools/bin/../lib/gcc/arm-none-eabi/11.3.1/../../../../arm-none-eabi/lib/thumb/v7e-m+fp/hard\libc_nano.a(libc_a-findfp.o) (__sread)
C:/ST/STM32CubeIDE_1.13.2/STM32CubeIDE/plugins/com.st.stm32cube.ide.mcu.externaltools.gnu-tools-for-stm32.11.3.rel1.win32_1.1.1.202309131626/tools/bin/../lib/gcc/arm-none-eabi/11.3.1/../../../../arm-none-eabi/lib/thumb/v7e-m+fp/hard\libc_nano.a(libc_a-memset.o)
                              C:/ST/STM32CubeIDE_1.13.2/STM32CubeIDE/plugins/com.st.stm32cube.ide.mcu.externaltools.gnu-tools-for-stm32.11.3.rel1.win32_1.1.1.202309131626/tools/bin/../lib/gcc/arm-none-eabi/11.3.1/../../../../arm-none-eabi/lib/thumb/v7e-m+fp/hard/crt0.o (memset)
C:/ST/STM32CubeIDE_1.13.2/STM32CubeIDE/plugins/com.st.stm32cube.ide.mcu.externaltools.gnu-tools-for-stm32.11.3.rel1.win32_1.1.1.202309131626/tools/bin/../lib/gcc/arm-none-eabi/11.3.1/../../../../arm-none-eabi/lib/thumb/v7e-m+fp/hard\libc_nano.a(libc_a-closer.o)
                              C:/ST/STM32CubeIDE_1.13.2/STM32CubeIDE/plugins/com.st.stm32cube.ide.mcu.externaltools.gnu-tools-for-stm32.11.3.rel1.win32_1.1.1.202309131626/tools/bin/../lib/gcc/arm-none-eabi/11.3.1/../../../../arm-none-eabi/lib/thumb/v7e-m+fp/hard\libc_nano.a(libc_a-stdio.o) (_close_r)
C:/ST/STM32CubeIDE_1.13.2/STM32CubeIDE/plugins/com.st.stm32cube.ide.mcu.externaltools.gnu-tools-for-stm32.11.3.rel1.win32_1.1.1.202309131626/tools/bin/../lib/gcc/arm-none-eabi/11.3.1/../../../../arm-none-eabi/lib/thumb/v7e-m+fp/hard\libc_nano.a(libc_a-reent.o)
                              ./Middlewares/Third_Party/FreeRTOS/Source/tasks.o (_reclaim_reent)
C:/ST/STM32CubeIDE_1.13.2/STM32CubeIDE/plugins/com.st.stm32cube.ide.mcu.externaltools.gnu-tools-for-stm32.11.3.rel1.win32_1.1.1.202309131626/tools/bin/../lib/gcc/arm-none-eabi/11.3.1/../../../../arm-none-eabi/lib/thumb/v7e-m+fp/hard\libc_nano.a(libc_a-impure.o)
                              ./Middlewares/Third_Party/FreeRTOS/Source/tasks.o (_impure_ptr)
C:/ST/STM32CubeIDE_1.13.2/STM32CubeIDE/plugins/com.st.stm32cube.ide.mcu.externaltools.gnu-tools-for-stm32.11.3.rel1.win32_1.1.1.202309131626/tools/bin/../lib/gcc/arm-none-eabi/11.3.1/../../../../arm-none-eabi/lib/thumb/v7e-m+fp/hard\libc_nano.a(libc_a-lseekr.o)
                              C:/ST/STM32CubeIDE_1.13.2/STM32CubeIDE/plugins/com.st.stm32cube.ide.mcu.externaltools.gnu-tools-for-stm32.11.3.rel1.win32_1.1.1.202309131626/tools/bin/../lib/gcc/arm-none-eabi/11.3.1/../../../../arm-none-eabi/lib/thumb/v7e-m+fp/hard\libc_nano.a(libc_a-stdio.o) (_lseek_r)
[...]
Memory Configuration

Name             Origin             Length             Attributes
CCMRAM           0x0000000010000000 0x0000000000010000 xrw
RAM              0x0000000020000000 0x0000000000030000 xrw
FLASH            0x0000000008000000 0x0000000000200000 xr
*default*        0x0000000000000000 0xffffffffffffffff

Linker script and memory map

LOAD C:/ST/STM32CubeIDE_1.13.2/STM32CubeIDE/plugins/com.st.stm32cube.ide.mcu.externaltools.gnu-tools-for-stm32.11.3.rel1.win32_1.1.1.202309131626/tools/bin/../lib/gcc/arm-none-eabi/11.3.1/thumb/v7e-m+fp/hard/crti.o
LOAD C:/ST/STM32CubeIDE_1.13.2/STM32CubeIDE/plugins/com.st.stm32cube.ide.mcu.externaltools.gnu-tools-for-stm32.11.3.rel1.win32_1.1.1.202309131626/tools/bin/../lib/gcc/arm-none-eabi/11.3.1/thumb/v7e-m+fp/hard/crtbegin.o
LOAD C:/ST/STM32CubeIDE_1.13.2/STM32CubeIDE/plugins/com.st.stm32cube.ide.mcu.externaltools.gnu-tools-for-stm32.11.3.rel1.win32_1.1.1.202309131626/tools/bin/../lib/gcc/arm-none-eabi/11.3.1/../../../../arm-none-eabi/lib/thumb/v7e-m+fp/hard/crt0.o
LOAD ./Core/Src/4kinematik.o
LOAD ./Core/Src/CAN_SPI.o
LOAD ./Core/Src/MCP2515.o
LOAD ./Core/Src/PID.o
LOAD ./Core/Src/ReadRPM.o
LOAD ./Core/Src/ds4.o
LOAD ./Core/Src/freertos.o
LOAD ./Core/Src/main.o
LOAD ./Core/Src/motor_ctrl.o
LOAD ./Core/Src/stm32f4xx_hal_msp.o
LOAD ./Core/Src/stm32f4xx_hal_timebase_tim.o
LOAD ./Core/Src/stm32f4xx_it.o
LOAD ./Core/Src/syscalls.o
LOAD ./Core/Src/sysmem.o
LOAD ./Core/Src/system_stm32f4xx.o
LOAD ./Core/Startup/startup_stm32f429zitx.o
LOAD ./Drivers/STM32F4xx_HAL_Driver/Src/stm32f4xx_hal.o
LOAD ./Drivers/STM32F4xx_HAL_Driver/Src/stm32f4xx_hal_cortex.o
LOAD ./Drivers/STM32F4xx_HAL_Driver/Src/stm32f4xx_hal_dma.o
LOAD ./Drivers/STM32F4xx_HAL_Driver/Src/stm32f4xx_hal_dma_ex.o
LOAD ./Drivers/STM32F4xx_HAL_Driver/Src/stm32f4xx_hal_exti.o
LOAD ./Drivers/STM32F4xx_HAL_Driver/Src/stm32f4xx_hal_flash.o
LOAD ./Drivers/STM32F4xx_HAL_Driver/Src/stm32f4xx_hal_flash_ex.o
LOAD ./Drivers/STM32F4xx_HAL_Driver/Src/stm32f4xx_hal_flash_ramfunc.o
LOAD ./Drivers/STM32F4xx_HAL_Driver/Src/stm32f4xx_hal_gpio.o
LOAD ./Drivers/STM32F4xx_HAL_Driver/Src/stm32f4xx_hal_pwr.o
LOAD ./Drivers/STM32F4xx_HAL_Driver/Src/stm32f4xx_hal_pwr_ex.o
LOAD ./Drivers/STM32F4xx_HAL_Driver/Src/stm32f4xx_hal_rcc.o
LOAD ./Drivers/STM32F4xx_HAL_Driver/Src/stm32f4xx_hal_rcc_ex.o
LOAD ./Drivers/STM32F4xx_HAL_Driver/Src/stm32f4xx_hal_spi.o
LOAD ./Drivers/STM32F4xx_HAL_Driver/Src/stm32f4xx_hal_tim.o
LOAD ./Drivers/STM32F4xx_HAL_Driver/Src/stm32f4xx_hal_tim_ex.o
LOAD ./Drivers/STM32F4xx_HAL_Driver/Src/stm32f4xx_hal_uart.o
LOAD ./Middlewares/Third_Party/FreeRTOS/Source/CMSIS_RTOS/cmsis_os.o
LOAD ./Middlewares/Third_Party/FreeRTOS/Source/croutine.o
LOAD ./Middlewares/Third_Party/FreeRTOS/Source/event_groups.o
LOAD ./Middlewares/Third_Party/FreeRTOS/Source/list.o
LOAD ./Middlewares/Third_Party/FreeRTOS/Source/queue.o
LOAD ./Middlewares/Third_Party/FreeRTOS/Source/stream_buffer.o
LOAD ./Middlewares/Third_Party/FreeRTOS/Source/tasks.o
LOAD ./Middlewares/Third_Party/FreeRTOS/Source/timers.o
LOAD ./Middlewares/Third_Party/FreeRTOS/Source/portable/GCC/ARM_CM4F/port.o
LOAD ./Middlewares/Third_Party/FreeRTOS/Source/portable/MemMang/heap_4.o
START GROUP
LOAD C:/ST/STM32CubeIDE_1.13.2/STM32CubeIDE/plugins/com.st.stm32cube.ide.mcu.externaltools.gnu-tools-for-stm32.11.3.rel1.win32_1.1.1.202309131626/tools/bin/../lib/gcc/arm-none-eabi/11.3.1/../../../../arm-none-eabi/lib/thumb/v7e-m+fp/hard\libc_nano.a
LOAD C:/ST/STM32CubeIDE_1.13.2/STM32CubeIDE/plugins/com.st.stm32cube.ide.mcu.externaltools.gnu-tools-for-stm32.11.3.rel1.win32_1.1.1.202309131626/tools/bin/../lib/gcc/arm-none-eabi/11.3.1/../../../../arm-none-eabi/lib/thumb/v7e-m+fp/hard\libm.a
END GROUP
START GROUP
LOAD C:/ST/STM32CubeIDE_1.13.2/STM32CubeIDE/plugins/com.st.stm32cube.ide.mcu.externaltools.gnu-tools-for-stm32.11.3.rel1.win32_1.1.1.202309131626/tools/bin/../lib/gcc/arm-none-eabi/11.3.1/thumb/v7e-m+fp/hard\libgcc.a
LOAD C:/ST/STM32CubeIDE_1.13.2/STM32CubeIDE/plugins/com.st.stm32cube.ide.mcu.externaltools.gnu-tools-for-stm32.11.3.rel1.win32_1.1.1.202309131626/tools/bin/../lib/gcc/arm-none-eabi/11.3.1/../../../../arm-none-eabi/lib/thumb/v7e-m+fp/hard\libc_nano.a
END GROUP
START GROUP
LOAD C:/ST/STM32CubeIDE_1.13.2/STM32CubeIDE/plugins/com.st.stm32cube.ide.mcu.externaltools.gnu-tools-for-stm32.11.3.rel1.win32_1.1.1.202309131626/tools/bin/../lib/gcc/arm-none-eabi/11.3.1/thumb/v7e-m+fp/hard\libgcc.a
LOAD C:/ST/STM32CubeIDE_1.13.2/STM32CubeIDE/plugins/com.st.stm32cube.ide.mcu.externaltools.gnu-tools-for-stm32.11.3.rel1.win32_1.1.1.202309131626/tools/bin/../lib/gcc/arm-none-eabi/11.3.1/../../../../arm-none-eabi/lib/thumb/v7e-m+fp/hard\libc_nano.a
LOAD C:/ST/STM32CubeIDE_1.13.2/STM32CubeIDE/plugins/com.st.stm32cube.ide.mcu.externaltools.gnu-tools-for-stm32.11.3.rel1.win32_1.1.1.202309131626/tools/bin/../lib/gcc/arm-none-eabi/11.3.1/../../../../arm-none-eabi/lib/thumb/v7e-m+fp/hard\libnosys.a
END GROUP
START GROUP
LOAD C:/ST/STM32CubeIDE_1.13.2/STM32CubeIDE/plugins/com.st.stm32cube.ide.mcu.externaltools.gnu-tools-for-stm32.11.3.rel1.win32_1.1.1.202309131626/tools/bin/../lib/gcc/arm-none-eabi/11.3.1/thumb/v7e-m+fp/hard\libgcc.a
LOAD C:/ST/STM32CubeIDE_1.13.2/STM32CubeIDE/plugins/com.st.stm32cube.ide.mcu.externaltools.gnu-tools-for-stm32.11.3.rel1.win32_1.1.1.202309131626/tools/bin/../lib/gcc/arm-none-eabi/11.3.1/../../../../arm-none-eabi/lib/thumb/v7e-m+fp/hard\libc_nano.a
LOAD C:/ST/STM32CubeIDE_1.13.2/STM32CubeIDE/plugins/com.st.stm32cube.ide.mcu.externaltools.gnu-tools-for-stm32.11.3.rel1.win32_1.1.1.202309131626/tools/bin/../lib/gcc/arm-none-eabi/11.3.1/../../../../arm-none-eabi/lib/thumb/v7e-m+fp/hard\libnosys.a
END GROUP
LOAD C:/ST/STM32CubeIDE_1.13.2/STM32CubeIDE/plugins/com.st.stm32cube.ide.mcu.externaltools.gnu-tools-for-stm32.11.3.rel1.win32_1.1.1.202309131626/tools/bin/../lib/gcc/arm-none-eabi/11.3.1/thumb/v7e-m+fp/hard/crtend.o
LOAD C:/ST/STM32CubeIDE_1.13.2/STM32CubeIDE/plugins/com.st.stm32cube.ide.mcu.externaltools.gnu-tools-for-stm32.11.3.rel1.win32_1.1.1.202309131626/tools/bin/../lib/gcc/arm-none-eabi/11.3.1/thumb/v7e-m+fp/hard/crtn.o
                0x0000000020030000                _estack = (ORIGIN (RAM) + LENGTH (RAM))
                0x0000000000000200                _Min_Heap_Size = 0x200
                0x0000000000000400                _Min_Stack_Size = 0x400

.isr_vector     0x0000000008000000      0x1ac
                0x0000000008000000                . = ALIGN (0x4)
 *(.isr_vector)
 .isr_vector    0x0000000008000000      0x1ac ./Core/Startup/startup_stm32f429zitx.o
                0x0000000008000000                g_pfnVectors
                0x00000000080001ac                . = ALIGN (0x4)

.text           0x00000000080001b0     0xa660
                0x00000000080001b0                . = ALIGN (0x4)
 *(.text)
 .text          0x00000000080001b0       0x40 C:/ST/STM32CubeIDE_1.13.2/STM32CubeIDE/plugins/com.st.stm32cube.ide.mcu.externaltools.gnu-tools-for-stm32.11.3.rel1.win32_1.1.1.202309131626/tools/bin/../lib/gcc/arm-none-eabi/11.3.1/thumb/v7e-m+fp/hard/crtbegin.o
 .text          0x00000000080001f0       0xa0 C:/ST/STM32CubeIDE_1.13.2/STM32CubeIDE/plugins/com.st.stm32cube.ide.mcu.externaltools.gnu-tools-for-stm32.11.3.rel1.win32_1.1.1.202309131626/tools/bin/../lib/gcc/arm-none-eabi/11.3.1/../../../../arm-none-eabi/lib/thumb/v7e-m+fp/hard\libc_nano.a(libc_a-memchr.o)
                0x00000000080001f0                memchr
 .text          0x0000000008000290      0x378 C:/ST/STM32CubeIDE_1.13.2/STM32CubeIDE/plugins/com.st.stm32cube.ide.mcu.externaltools.gnu-tools-for-stm32.11.3.rel1.win32_1.1.1.202309131626/tools/bin/../lib/gcc/arm-none-eabi/11.3.1/thumb/v7e-m+fp/hard\libgcc.a(_arm_addsubdf3.o)
                0x0000000008000290                __aeabi_drsub
                0x0000000008000298                __aeabi_dsub
                0x0000000008000298                __subdf3
                0x000000000800029c                __aeabi_dadd
                0x000000000800029c                __adddf3
                0x0000000008000514                __floatunsidf
                0x0000000008000514                __aeabi_ui2d
                0x0000000008000534                __floatsidf
                0x0000000008000534                __aeabi_i2d
                0x0000000008000558                __aeabi_f2d
                0x0000000008000558                __extendsfdf2
                0x000000000800059c                __floatundidf
                0x000000000800059c                __aeabi_ul2d
                0x00000000080005ac                __floatdidf
                0x00000000080005ac                __aeabi_l2d
 .text          0x0000000008000608      0x424 C:/ST/STM32CubeIDE_1.13.2/STM32CubeIDE/plugins/com.st.stm32cube.ide.mcu.externaltools.gnu-tools-for-stm32.11.3.rel1.win32_1.1.1.202309131626/tools/bin/../lib/gcc/arm-none-eabi/11.3.1/thumb/v7e-m+fp/hard\libgcc.a(_arm_muldivdf3.o)
                0x0000000008000608                __aeabi_dmul
                0x0000000008000608                __muldf3
                0x000000000800085c                __divdf3
                0x000000000800085c                __aeabi_ddiv
 .text          0x0000000008000a2c      0x110 C:/ST/STM32CubeIDE_1.13.2/STM32CubeIDE/plugins/com.st.stm32cube.ide.mcu.externaltools.gnu-tools-for-stm32.11.3.rel1.win32_1.1.1.202309131626/tools/bin/../lib/gcc/arm-none-eabi/11.3.1/thumb/v7e-m+fp/hard\libgcc.a(_arm_cmpdf2.o)
                0x0000000008000a2c                __gtdf2
                0x0000000008000a2c                __gedf2
                0x0000000008000a34                __ltdf2
                0x0000000008000a34                __ledf2
                0x0000000008000a3c                __nedf2
                0x0000000008000a3c                __eqdf2
                0x0000000008000a3c                __cmpdf2
                0x0000000008000ab8                __aeabi_cdrcmple
                0x0000000008000ac8                __aeabi_cdcmpeq
                0x0000000008000ac8                __aeabi_cdcmple
                0x0000000008000ad8                __aeabi_dcmpeq
                0x0000000008000aec                __aeabi_dcmplt
                0x0000000008000b00                __aeabi_dcmple
                0x0000000008000b14                __aeabi_dcmpge
                0x0000000008000b28                __aeabi_dcmpgt
 .text          0x0000000008000b3c       0x50 C:/ST/STM32CubeIDE_1.13.2/STM32CubeIDE/plugins/com.st.stm32cube.ide.mcu.externaltools.gnu-tools-for-stm32.11.3.rel1.win32_1.1.1.202309131626/tools/bin/../lib/gcc/arm-none-eabi/11.3.1/thumb/v7e-m+fp/hard\libgcc.a(_arm_fixdfsi.o)
                0x0000000008000b3c                __aeabi_d2iz
                0x0000000008000b3c                __fixdfsi
 .text          0x0000000008000b8c       0x30 C:/ST/STM32CubeIDE_1.13.2/STM32CubeIDE/plugins/com.st.stm32cube.ide.mcu.externaltools.gnu-tools-for-stm32.11.3.rel1.win32_1.1.1.202309131626/tools/bin/../lib/gcc/arm-none-eabi/11.3.1/thumb/v7e-m+fp/hard\libgcc.a(_aeabi_uldivmod.o)
                0x0000000008000b8c                __aeabi_uldivmod
 .text          0x0000000008000bbc      0x2c8 C:/ST/STM32CubeIDE_1.13.2/STM32CubeIDE/plugins/com.st.stm32cube.ide.mcu.externaltools.gnu-tools-for-stm32.11.3.rel1.win32_1.1.1.202309131626/tools/bin/../lib/gcc/arm-none-eabi/11.3.1/thumb/v7e-m+fp/hard\libgcc.a(_udivmoddi4.o)
                0x0000000008000bbc                __udivmoddi4
 .text          0x0000000008000e84        0x4 C:/ST/STM32CubeIDE_1.13.2/STM32CubeIDE/plugins/com.st.stm32cube.ide.mcu.externaltools.gnu-tools-for-stm32.11.3.rel1.win32_1.1.1.202309131626/tools/bin/../lib/gcc/arm-none-eabi/11.3.1/thumb/v7e-m+fp/hard\libgcc.a(_dvmd_tls.o)
                0x0000000008000e84                __aeabi_idiv0
                0x0000000008000e84                __aeabi_ldiv0
 *(.text*)
 .text.kinematikM
                0x0000000008000e88      0x268 ./Core/Src/4kinematik.o
                0x0000000008000e88                kinematikM
 .text.CANSPI_Initialize
                0x00000000080010f0      0x166 ./Core/Src/CAN_SPI.o
                0x00000000080010f0                CANSPI_Initialize
 .text.CANSPI_Receive
                0x0000000008001256       0xf8 ./Core/Src/CAN_SPI.o
                0x0000000008001256                CANSPI_Receive
 .text.convertReg2ExtendedCANid
                0x000000000800134e       0x7c ./Core/Src/CAN_SPI.o
 .text.convertReg2StandardCANid
                0x00000000080013ca       0x3a ./Core/Src/CAN_SPI.o
 .text.MCP2515_Initialize
                0x0000000008001404       0x44 ./Core/Src/MCP2515.o
                0x0000000008001404                MCP2515_Initialize
 .text.MCP2515_SetConfigMode
                0x0000000008001448       0x3c ./Core/Src/MCP2515.o
                0x0000000008001448                MCP2515_SetConfigMode
 .text.MCP2515_SetNormalMode
                0x0000000008001484       0x3c ./Core/Src/MCP2515.o
                0x0000000008001484                MCP2515_SetNormalMode
 .text.MCP2515_ReadByte
                0x00000000080014c0       0x44 ./Core/Src/MCP2515.o
                0x00000000080014c0                MCP2515_ReadByte
 .text.MCP2515_ReadRxSequence
                0x0000000008001504       0x44 ./Core/Src/MCP2515.o
                0x0000000008001504                MCP2515_ReadRxSequence
 .text.MCP2515_WriteByte
                0x0000000008001548       0x48 ./Core/Src/MCP2515.o
                0x0000000008001548                MCP2515_WriteByte
 .text.MCP2515_WriteByteSequence
                0x0000000008001590       0x54 ./Core/Src/MCP2515.o
                0x0000000008001590                MCP2515_WriteByteSequence
 .text.MCP2515_GetRxStatus
                0x00000000080015e4       0x38 ./Core/Src/MCP2515.o
                0x00000000080015e4                MCP2515_GetRxStatus
 .text.SPI_Tx   0x000000000800161c       0x24 ./Core/Src/MCP2515.o
 .text.SPI_TxBuffer
                0x0000000008001640       0x28 ./Core/Src/MCP2515.o
 .text.SPI_Rx   0x0000000008001668       0x20 ./Core/Src/MCP2515.o
 .text.SPI_RxBuffer
                0x0000000008001688       0x28 ./Core/Src/MCP2515.o
 .text.handleData0Buttons
                0x00000000080016b0       0xfc ./Core/Src/ds4.o
                0x00000000080016b0                handleData0Buttons
 .text.handleData1Buttons
                0x00000000080017ac       0xfc ./Core/Src/ds4.o
                0x00000000080017ac                handleData1Buttons
 .text.ds4      0x00000000080018a8       0x88 ./Core/Src/ds4.o
                0x00000000080018a8                ds4
 .text.vApplicationGetIdleTaskMemory
                0x0000000008001930       0x34 ./Core/Src/freertos.o
                0x0000000008001930                vApplicationGetIdleTaskMemory
 .text.map      0x0000000008001964       0x38 ./Core/Src/main.o
                0x0000000008001964                map
 .text._write   0x000000000800199c       0x28 ./Core/Src/main.o
                0x000000000800199c                _write
 .text.mode_padi
                0x00000000080019c4      0x7c8 ./Core/Src/main.o
                0x00000000080019c4                mode_padi
 .text.mode_bola
                0x000000000800218c      0x550 ./Core/Src/main.o
                0x000000000800218c                mode_bola
 .text.main     0x00000000080026dc      0x1c4 ./Core/Src/main.o
                0x00000000080026dc                main
 .text.SystemClock_Config
                0x00000000080028a0       0xe0 ./Core/Src/main.o
                0x00000000080028a0                SystemClock_Config
 .text.MX_SPI5_Init
                0x0000000008002980       0x6c ./Core/Src/main.o
 .text.MX_TIM1_Init
                0x00000000080029ec      0x188 ./Core/Src/main.o
 .text.MX_TIM3_Init
                0x0000000008002b74      0x130 ./Core/Src/main.o
 .text.MX_TIM4_Init
                0x0000000008002ca4      0x130 ./Core/Src/main.o
 .text.MX_TIM5_Init
                0x0000000008002dd4      0x104 ./Core/Src/main.o
 .text.MX_TIM8_Init
                0x0000000008002ed8      0x158 ./Core/Src/main.o
 .text.MX_TIM9_Init
                0x0000000008003030       0xdc ./Core/Src/main.o
 .text.MX_TIM12_Init
                0x000000000800310c       0xdc ./Core/Src/main.o
 .text.MX_USART3_UART_Init
                0x00000000080031e8       0x54 ./Core/Src/main.o
 .text.MX_GPIO_Init
                0x000000000800323c      0x334 ./Core/Src/main.o
 .text.HAL_GPIO_EXTI_Callback
                0x0000000008003570       0x6c ./Core/Src/main.o
                0x0000000008003570                HAL_GPIO_EXTI_Callback
 .text.InputHandle_Task
                0x00000000080035dc       0xa4 ./Core/Src/main.o
                0x00000000080035dc                InputHandle_Task
 .text.MechanismHandle_Task
                0x0000000008003680       0xf4 ./Core/Src/main.o
                0x0000000008003680                MechanismHandle_Task
 .text.OmniHandle_Task
                0x0000000008003774      0x23c ./Core/Src/main.o
                0x0000000008003774                OmniHandle_Task
 .text.HAL_TIM_PeriodElapsedCallback
                0x00000000080039b0       0x24 ./Core/Src/main.o
                0x00000000080039b0                HAL_TIM_PeriodElapsedCallback
 .text.Error_Handler
                0x00000000080039d4        0xa ./Core/Src/main.o
                0x00000000080039d4                Error_Handler
 .text.motor_init
                0x00000000080039de       0xce ./Core/Src/motor_ctrl.o
                0x00000000080039de                motor_init
 .text.motor_drive
                0x0000000008003aac      0x20c ./Core/Src/motor_ctrl.o
                0x0000000008003aac                motor_drive
 .text.enable_motor
                0x0000000008003cb8       0x22 ./Core/Src/motor_ctrl.o
                0x0000000008003cb8                enable_motor
 .text.bldc_init
                0x0000000008003cda       0x68 ./Core/Src/motor_ctrl.o
                0x0000000008003cda                bldc_init
 .text.bldc_drive
                0x0000000008003d42       0x5c ./Core/Src/motor_ctrl.o
                0x0000000008003d42                bldc_drive
 *fill*         0x0000000008003d9e        0x2 
 .text.HAL_MspInit
                0x0000000008003da0       0x58 ./Core/Src/stm32f4xx_hal_msp.o
                0x0000000008003da0                HAL_MspInit
 .text.HAL_SPI_MspInit
                0x0000000008003df8       0x90 ./Core/Src/stm32f4xx_hal_msp.o
                0x0000000008003df8                HAL_SPI_MspInit
 .text.HAL_TIM_Base_MspInit
                0x0000000008003e88      0x14c ./Core/Src/stm32f4xx_hal_msp.o
                0x0000000008003e88                HAL_TIM_Base_MspInit
 .text.HAL_TIM_MspPostInit
                0x0000000008003fd4      0x2cc ./Core/Src/stm32f4xx_hal_msp.o
                0x0000000008003fd4                HAL_TIM_MspPostInit
 .text.HAL_UART_MspInit
                0x00000000080042a0       0xa0 ./Core/Src/stm32f4xx_hal_msp.o
                0x00000000080042a0                HAL_UART_MspInit
 .text.HAL_InitTick
                0x0000000008004340       0xf8 ./Core/Src/stm32f4xx_hal_timebase_tim.o
                0x0000000008004340                HAL_InitTick
 .text.NMI_Handler
                0x0000000008004438        0x6 ./Core/Src/stm32f4xx_it.o
                0x0000000008004438                NMI_Handler
 .text.HardFault_Handler
                0x000000000800443e        0x6 ./Core/Src/stm32f4xx_it.o
                0x000000000800443e                HardFault_Handler
 .text.MemManage_Handler
                0x0000000008004444        0x6 ./Core/Src/stm32f4xx_it.o
                0x0000000008004444                MemManage_Handler
 .text.BusFault_Handler
                0x000000000800444a        0x6 ./Core/Src/stm32f4xx_it.o
                0x000000000800444a                BusFault_Handler
 .text.UsageFault_Handler
                0x0000000008004450        0x6 ./Core/Src/stm32f4xx_it.o
                0x0000000008004450                UsageFault_Handler
 .text.DebugMon_Handler
                0x0000000008004456        0xe ./Core/Src/stm32f4xx_it.o
                0x0000000008004456                DebugMon_Handler
 .text.EXTI0_IRQHandler
                0x0000000008004464        0xe ./Core/Src/stm32f4xx_it.o
                0x0000000008004464                EXTI0_IRQHandler
 .text.EXTI1_IRQHandler
                0x0000000008004472        0xe ./Core/Src/stm32f4xx_it.o
                0x0000000008004472                EXTI1_IRQHandler
 .text.EXTI2_IRQHandler
                0x0000000008004480        0xe ./Core/Src/stm32f4xx_it.o
                0x0000000008004480                EXTI2_IRQHandler
 .text.EXTI3_IRQHandler
                0x000000000800448e        0xe ./Core/Src/stm32f4xx_it.o
                0x000000000800448e                EXTI3_IRQHandler
 .text.EXTI4_IRQHandler
                0x000000000800449c        0xe ./Core/Src/stm32f4xx_it.o
                0x000000000800449c                EXTI4_IRQHandler
 .text.EXTI9_5_IRQHandler
                0x00000000080044aa       0x16 ./Core/Src/stm32f4xx_it.o
                0x00000000080044aa                EXTI9_5_IRQHandler
 .text.USART3_IRQHandler
                0x00000000080044c0       0x14 ./Core/Src/stm32f4xx_it.o
                0x00000000080044c0                USART3_IRQHandler
 .text.EXTI15_10_IRQHandler
                0x00000000080044d4       0x38 ./Core/Src/stm32f4xx_it.o
                0x00000000080044d4                EXTI15_10_IRQHandler
 .text.TIM7_IRQHandler
                0x000000000800450c       0x14 ./Core/Src/stm32f4xx_it.o
                0x000000000800450c                TIM7_IRQHandler
 .text._read    0x0000000008004520       0x3a ./Core/Src/syscalls.o
                0x0000000008004520                _read
 .text._close   0x000000000800455a       0x18 ./Core/Src/syscalls.o
                0x000000000800455a                _close
 .text._fstat   0x0000000008004572       0x20 ./Core/Src/syscalls.o
                0x0000000008004572                _fstat
 .text._isatty  0x0000000008004592       0x16 ./Core/Src/syscalls.o
                0x0000000008004592                _isatty
 .text._lseek   0x00000000080045a8       0x1a ./Core/Src/syscalls.o
                0x00000000080045a8                _lseek
 *fill*         0x00000000080045c2        0x2 
 .text._sbrk    0x00000000080045c4       0x6c ./Core/Src/sysmem.o
                0x00000000080045c4                _sbrk
 .text.SystemInit
                0x0000000008004630       0x24 ./Core/Src/system_stm32f4xx.o
                0x0000000008004630                SystemInit
 .text.Reset_Handler
                0x0000000008004654       0x50 ./Core/Startup/startup_stm32f429zitx.o
                0x0000000008004654                Reset_Handler
 .text.Default_Handler
                0x00000000080046a4        0x2 ./Core/Startup/startup_stm32f429zitx.o
                0x00000000080046a4                RTC_Alarm_IRQHandler
                0x00000000080046a4                HASH_RNG_IRQHandler
                0x00000000080046a4                TIM8_CC_IRQHandler
                0x00000000080046a4                UART8_IRQHandler
                0x00000000080046a4                SPI4_IRQHandler
                0x00000000080046a4                TIM1_CC_IRQHandler
                0x00000000080046a4                DMA2_Stream5_IRQHandler
                0x00000000080046a4                DMA1_Stream5_IRQHandler
                0x00000000080046a4                PVD_IRQHandler
                0x00000000080046a4                SDIO_IRQHandler
                0x00000000080046a4                TAMP_STAMP_IRQHandler
                0x00000000080046a4                CAN2_RX1_IRQHandler
                0x00000000080046a4                TIM8_TRG_COM_TIM14_IRQHandler
                0x00000000080046a4                TIM1_UP_TIM10_IRQHandler
                0x00000000080046a4                TIM8_UP_TIM13_IRQHandler
                0x00000000080046a4                I2C3_ER_IRQHandler
                0x00000000080046a4                I2C2_EV_IRQHandler
                0x00000000080046a4                DMA1_Stream2_IRQHandler
                0x00000000080046a4                CAN1_RX0_IRQHandler
                0x00000000080046a4                FPU_IRQHandler
                0x00000000080046a4                OTG_HS_WKUP_IRQHandler
                0x00000000080046a4                LTDC_ER_IRQHandler
                0x00000000080046a4                CAN2_SCE_IRQHandler
                0x00000000080046a4                DMA2_Stream2_IRQHandler
                0x00000000080046a4                SPI1_IRQHandler
                0x00000000080046a4                TIM6_DAC_IRQHandler
                0x00000000080046a4                TIM1_BRK_TIM9_IRQHandler
                0x00000000080046a4                DCMI_IRQHandler
                0x00000000080046a4                CAN2_RX0_IRQHandler
                0x00000000080046a4                DMA2_Stream3_IRQHandler
                0x00000000080046a4                USART6_IRQHandler
                0x00000000080046a4                CAN1_RX1_IRQHandler
                0x00000000080046a4                UART5_IRQHandler
                0x00000000080046a4                DMA2_Stream0_IRQHandler
                0x00000000080046a4                TIM4_IRQHandler
                0x00000000080046a4                I2C1_EV_IRQHandler
                0x00000000080046a4                DMA1_Stream6_IRQHandler
                0x00000000080046a4                DMA1_Stream1_IRQHandler
                0x00000000080046a4                UART4_IRQHandler
                0x00000000080046a4                TIM3_IRQHandler
                0x00000000080046a4                RCC_IRQHandler
                0x00000000080046a4                TIM8_BRK_TIM12_IRQHandler
                0x00000000080046a4                Default_Handler
                0x00000000080046a4                ADC_IRQHandler
                0x00000000080046a4                DMA1_Stream7_IRQHandler
                0x00000000080046a4                SPI5_IRQHandler
                0x00000000080046a4                CAN2_TX_IRQHandler
                0x00000000080046a4                TIM5_IRQHandler
                0x00000000080046a4                DMA2_Stream7_IRQHandler
                0x00000000080046a4                I2C3_EV_IRQHandler
                0x00000000080046a4                RTC_WKUP_IRQHandler
                0x00000000080046a4                LTDC_IRQHandler
                0x00000000080046a4                ETH_WKUP_IRQHandler
                0x00000000080046a4                SPI2_IRQHandler
                0x00000000080046a4                OTG_HS_EP1_IN_IRQHandler
                0x00000000080046a4                DMA1_Stream0_IRQHandler
                0x00000000080046a4                CAN1_TX_IRQHandler
                0x00000000080046a4                ETH_IRQHandler
                0x00000000080046a4                OTG_HS_EP1_OUT_IRQHandler
                0x00000000080046a4                WWDG_IRQHandler
                0x00000000080046a4                SPI6_IRQHandler
                0x00000000080046a4                TIM2_IRQHandler
                0x00000000080046a4                OTG_FS_WKUP_IRQHandler
                0x00000000080046a4                TIM1_TRG_COM_TIM11_IRQHandler
                0x00000000080046a4                OTG_HS_IRQHandler
                0x00000000080046a4                DMA2D_IRQHandler
                0x00000000080046a4                UART7_IRQHandler
                0x00000000080046a4                USART2_IRQHandler
                0x00000000080046a4                I2C2_ER_IRQHandler
                0x00000000080046a4                DMA2_Stream1_IRQHandler
                0x00000000080046a4                CAN1_SCE_IRQHandler
                0x00000000080046a4                FLASH_IRQHandler
                0x00000000080046a4                DMA2_Stream4_IRQHandler
                0x00000000080046a4                USART1_IRQHandler
                0x00000000080046a4                OTG_FS_IRQHandler
                0x00000000080046a4                SPI3_IRQHandler
                0x00000000080046a4                DMA1_Stream4_IRQHandler
                0x00000000080046a4                I2C1_ER_IRQHandler
                0x00000000080046a4                FMC_IRQHandler
                0x00000000080046a4                DMA2_Stream6_IRQHandler
                0x00000000080046a4                SAI1_IRQHandler
                0x00000000080046a4                DMA1_Stream3_IRQHandler
 *fill*         0x00000000080046a6        0x2 
 .text.HAL_Init
                0x00000000080046a8       0x44 ./Drivers/STM32F4xx_HAL_Driver/Src/stm32f4xx_hal.o
                0x00000000080046a8                HAL_Init
 .text.HAL_IncTick
                0x00000000080046ec       0x28 ./Drivers/STM32F4xx_HAL_Driver/Src/stm32f4xx_hal.o
                0x00000000080046ec                HAL_IncTick
 .text.HAL_GetTick
                0x0000000008004714       0x18 ./Drivers/STM32F4xx_HAL_Driver/Src/stm32f4xx_hal.o
                0x0000000008004714                HAL_GetTick
 .text.HAL_Delay
                0x000000000800472c       0x48 ./Drivers/STM32F4xx_HAL_Driver/Src/stm32f4xx_hal.o
                0x000000000800472c                HAL_Delay
 .text.__NVIC_SetPriorityGrouping
                0x0000000008004774       0x48 ./Drivers/STM32F4xx_HAL_Driver/Src/stm32f4xx_hal_cortex.o
 .text.__NVIC_GetPriorityGrouping
                0x00000000080047bc       0x1c ./Drivers/STM32F4xx_HAL_Driver/Src/stm32f4xx_hal_cortex.o
 .text.__NVIC_EnableIRQ
                0x00000000080047d8       0x3c ./Drivers/STM32F4xx_HAL_Driver/Src/stm32f4xx_hal_cortex.o
 .text.__NVIC_SetPriority
                0x0000000008004814       0x54 ./Drivers/STM32F4xx_HAL_Driver/Src/stm32f4xx_hal_cortex.o
 .text.NVIC_EncodePriority
                0x0000000008004868       0x66 ./Drivers/STM32F4xx_HAL_Driver/Src/stm32f4xx_hal_cortex.o
 .text.HAL_NVIC_SetPriorityGrouping
                0x00000000080048ce       0x16 ./Drivers/STM32F4xx_HAL_Driver/Src/stm32f4xx_hal_cortex.o
                0x00000000080048ce                HAL_NVIC_SetPriorityGrouping
 .text.HAL_NVIC_SetPriority
                0x00000000080048e4       0x38 ./Drivers/STM32F4xx_HAL_Driver/Src/stm32f4xx_hal_cortex.o
                0x00000000080048e4                HAL_NVIC_SetPriority
 .text.HAL_NVIC_EnableIRQ
                0x000000000800491c       0x1c ./Drivers/STM32F4xx_HAL_Driver/Src/stm32f4xx_hal_cortex.o
                0x000000000800491c                HAL_NVIC_EnableIRQ
 .text.HAL_DMA_Abort
                0x0000000008004938       0xe0 ./Drivers/STM32F4xx_HAL_Driver/Src/stm32f4xx_hal_dma.o
                0x0000000008004938                HAL_DMA_Abort
 .text.HAL_DMA_Abort_IT
                0x0000000008004a18       0x44 ./Drivers/STM32F4xx_HAL_Driver/Src/stm32f4xx_hal_dma.o
                0x0000000008004a18                HAL_DMA_Abort_IT
 .text.HAL_GPIO_Init
                0x0000000008004a5c      0x358 ./Drivers/STM32F4xx_HAL_Driver/Src/stm32f4xx_hal_gpio.o
                0x0000000008004a5c                HAL_GPIO_Init
 .text.HAL_GPIO_ReadPin
                0x0000000008004db4       0x30 ./Drivers/STM32F4xx_HAL_Driver/Src/stm32f4xx_hal_gpio.o
                0x0000000008004db4                HAL_GPIO_ReadPin
 .text.HAL_GPIO_WritePin
                0x0000000008004de4       0x32 ./Drivers/STM32F4xx_HAL_Driver/Src/stm32f4xx_hal_gpio.o
                0x0000000008004de4                HAL_GPIO_WritePin
 .text.HAL_GPIO_TogglePin
                0x0000000008004e16       0x34 ./Drivers/STM32F4xx_HAL_Driver/Src/stm32f4xx_hal_gpio.o
                0x0000000008004e16                HAL_GPIO_TogglePin
 *fill*         0x0000000008004e4a        0x2 
 .text.HAL_GPIO_EXTI_IRQHandler
                0x0000000008004e4c       0x30 ./Drivers/STM32F4xx_HAL_Driver/Src/stm32f4xx_hal_gpio.o
                0x0000000008004e4c                HAL_GPIO_EXTI_IRQHandler
 .text.HAL_PWREx_EnableOverDrive
                0x0000000008004e7c       0xa0 ./Drivers/STM32F4xx_HAL_Driver/Src/stm32f4xx_hal_pwr_ex.o
                0x0000000008004e7c                HAL_PWREx_EnableOverDrive
 .text.HAL_RCC_OscConfig
                0x0000000008004f1c      0x4f0 ./Drivers/STM32F4xx_HAL_Driver/Src/stm32f4xx_hal_rcc.o
                0x0000000008004f1c                HAL_RCC_OscConfig
 .text.HAL_RCC_ClockConfig
                0x000000000800540c      0x1cc ./Drivers/STM32F4xx_HAL_Driver/Src/stm32f4xx_hal_rcc.o
                0x000000000800540c                HAL_RCC_ClockConfig
 .text.HAL_RCC_GetSysClockFreq
                0x00000000080055d8      0x20c ./Drivers/STM32F4xx_HAL_Driver/Src/stm32f4xx_hal_rcc.o
                0x00000000080055d8                HAL_RCC_GetSysClockFreq
 .text.HAL_RCC_GetHCLKFreq
                0x00000000080057e4       0x18 ./Drivers/STM32F4xx_HAL_Driver/Src/stm32f4xx_hal_rcc.o
                0x00000000080057e4                HAL_RCC_GetHCLKFreq
 .text.HAL_RCC_GetPCLK1Freq
                0x00000000080057fc       0x28 ./Drivers/STM32F4xx_HAL_Driver/Src/stm32f4xx_hal_rcc.o
                0x00000000080057fc                HAL_RCC_GetPCLK1Freq
 .text.HAL_RCC_GetPCLK2Freq
                0x0000000008005824       0x28 ./Drivers/STM32F4xx_HAL_Driver/Src/stm32f4xx_hal_rcc.o
                0x0000000008005824                HAL_RCC_GetPCLK2Freq
 .text.HAL_RCC_GetClockConfig
                0x000000000800584c       0x64 ./Drivers/STM32F4xx_HAL_Driver/Src/stm32f4xx_hal_rcc.o
                0x000000000800584c                HAL_RCC_GetClockConfig
 .text.HAL_SPI_Init
                0x00000000080058b0      0x112 ./Drivers/STM32F4xx_HAL_Driver/Src/stm32f4xx_hal_spi.o
                0x00000000080058b0                HAL_SPI_Init
 .text.HAL_SPI_Transmit
                0x00000000080059c2      0x278 ./Drivers/STM32F4xx_HAL_Driver/Src/stm32f4xx_hal_spi.o
                0x00000000080059c2                HAL_SPI_Transmit
 .text.HAL_SPI_Receive
                0x0000000008005c3a      0x222 ./Drivers/STM32F4xx_HAL_Driver/Src/stm32f4xx_hal_spi.o
                0x0000000008005c3a                HAL_SPI_Receive
 .text.HAL_SPI_TransmitReceive
                0x0000000008005e5c      0x344 ./Drivers/STM32F4xx_HAL_Driver/Src/stm32f4xx_hal_spi.o
                0x0000000008005e5c                HAL_SPI_TransmitReceive
 .text.HAL_SPI_GetState
                0x00000000080061a0       0x1c ./Drivers/STM32F4xx_HAL_Driver/Src/stm32f4xx_hal_spi.o
                0x00000000080061a0                HAL_SPI_GetState
 .text.SPI_WaitFlagStateUntilTimeout
                0x00000000080061bc      0x110 ./Drivers/STM32F4xx_HAL_Driver/Src/stm32f4xx_hal_spi.o
 .text.SPI_EndRxTransaction
                0x00000000080062cc       0xca ./Drivers/STM32F4xx_HAL_Driver/Src/stm32f4xx_hal_spi.o
 *fill*         0x0000000008006396        0x2 
 .text.SPI_EndRxTxTransaction
                0x0000000008006398       0x84 ./Drivers/STM32F4xx_HAL_Driver/Src/stm32f4xx_hal_spi.o
 .text.HAL_TIM_Base_Init
                0x000000000800641c       0x9e ./Drivers/STM32F4xx_HAL_Driver/Src/stm32f4xx_hal_tim.o
                0x000000000800641c                HAL_TIM_Base_Init
 *fill*         0x00000000080064ba        0x2 
 .text.HAL_TIM_Base_Start_IT
                0x00000000080064bc       0xe0 ./Drivers/STM32F4xx_HAL_Driver/Src/stm32f4xx_hal_tim.o
                0x00000000080064bc                HAL_TIM_Base_Start_IT
 .text.HAL_TIM_PWM_Init
                0x000000000800659c       0x9e ./Drivers/STM32F4xx_HAL_Driver/Src/stm32f4xx_hal_tim.o
                0x000000000800659c                HAL_TIM_PWM_Init
 .text.HAL_TIM_PWM_MspInit
                0x000000000800663a       0x14 ./Drivers/STM32F4xx_HAL_Driver/Src/stm32f4xx_hal_tim.o
                0x000000000800663a                HAL_TIM_PWM_MspInit
 *fill*         0x000000000800664e        0x2 
 .text.HAL_TIM_PWM_Start
                0x0000000008006650      0x190 ./Drivers/STM32F4xx_HAL_Driver/Src/stm32f4xx_hal_tim.o
                0x0000000008006650                HAL_TIM_PWM_Start
 .text.HAL_TIM_IRQHandler
                0x00000000080067e0      0x210 ./Drivers/STM32F4xx_HAL_Driver/Src/stm32f4xx_hal_tim.o
                0x00000000080067e0                HAL_TIM_IRQHandler
 .text.HAL_TIM_PWM_ConfigChannel
                0x00000000080069f0      0x184 ./Drivers/STM32F4xx_HAL_Driver/Src/stm32f4xx_hal_tim.o
                0x00000000080069f0                HAL_TIM_PWM_ConfigChannel
 .text.HAL_TIM_ConfigClockSource
                0x0000000008006b74      0x18e ./Drivers/STM32F4xx_HAL_Driver/Src/stm32f4xx_hal_tim.o
                0x0000000008006b74                HAL_TIM_ConfigClockSource
 .text.HAL_TIM_OC_DelayElapsedCallback
                0x0000000008006d02       0x14 ./Drivers/STM32F4xx_HAL_Driver/Src/stm32f4xx_hal_tim.o
                0x0000000008006d02                HAL_TIM_OC_DelayElapsedCallback
 .text.HAL_TIM_IC_CaptureCallback
                0x0000000008006d16       0x14 ./Drivers/STM32F4xx_HAL_Driver/Src/stm32f4xx_hal_tim.o
                0x0000000008006d16                HAL_TIM_IC_CaptureCallback
 .text.HAL_TIM_PWM_PulseFinishedCallback
                0x0000000008006d2a       0x14 ./Drivers/STM32F4xx_HAL_Driver/Src/stm32f4xx_hal_tim.o
                0x0000000008006d2a                HAL_TIM_PWM_PulseFinishedCallback
 .text.HAL_TIM_TriggerCallback
                0x0000000008006d3e       0x14 ./Drivers/STM32F4xx_HAL_Driver/Src/stm32f4xx_hal_tim.o
                0x0000000008006d3e                HAL_TIM_TriggerCallback
 *fill*         0x0000000008006d52        0x2 
 .text.TIM_Base_SetConfig
                0x0000000008006d54      0x140 ./Drivers/STM32F4xx_HAL_Driver/Src/stm32f4xx_hal_tim.o
                0x0000000008006d54                TIM_Base_SetConfig
 .text.TIM_OC1_SetConfig
                0x0000000008006e94       0xe0 ./Drivers/STM32F4xx_HAL_Driver/Src/stm32f4xx_hal_tim.o
 .text.TIM_OC2_SetConfig
                0x0000000008006f74       0xec ./Drivers/STM32F4xx_HAL_Driver/Src/stm32f4xx_hal_tim.o
                0x0000000008006f74                TIM_OC2_SetConfig
 .text.TIM_OC3_SetConfig
                0x0000000008007060       0xe8 ./Drivers/STM32F4xx_HAL_Driver/Src/stm32f4xx_hal_tim.o
 .text.TIM_OC4_SetConfig
                0x0000000008007148       0xac ./Drivers/STM32F4xx_HAL_Driver/Src/stm32f4xx_hal_tim.o
 .text.TIM_TI1_ConfigInputStage
                0x00000000080071f4       0x5e ./Drivers/STM32F4xx_HAL_Driver/Src/stm32f4xx_hal_tim.o
 .text.TIM_TI2_ConfigInputStage
                0x0000000008007252       0x60 ./Drivers/STM32F4xx_HAL_Driver/Src/stm32f4xx_hal_tim.o
 .text.TIM_ITRx_SetConfig
                0x00000000080072b2       0x36 ./Drivers/STM32F4xx_HAL_Driver/Src/stm32f4xx_hal_tim.o
 .text.TIM_ETR_SetConfig
                0x00000000080072e8       0x40 ./Drivers/STM32F4xx_HAL_Driver/Src/stm32f4xx_hal_tim.o
                0x00000000080072e8                TIM_ETR_SetConfig
 .text.TIM_CCxChannelCmd
                0x0000000008007328       0x4a ./Drivers/STM32F4xx_HAL_Driver/Src/stm32f4xx_hal_tim.o
                0x0000000008007328                TIM_CCxChannelCmd
 *fill*         0x0000000008007372        0x2 
 .text.HAL_TIMEx_MasterConfigSynchronization
                0x0000000008007374       0xf8 ./Drivers/STM32F4xx_HAL_Driver/Src/stm32f4xx_hal_tim_ex.o
                0x0000000008007374                HAL_TIMEx_MasterConfigSynchronization
 .text.HAL_TIMEx_ConfigBreakDeadTime
                0x000000000800746c       0xa4 ./Drivers/STM32F4xx_HAL_Driver/Src/stm32f4xx_hal_tim_ex.o
                0x000000000800746c                HAL_TIMEx_ConfigBreakDeadTime
 .text.HAL_TIMEx_CommutCallback
                0x0000000008007510       0x14 ./Drivers/STM32F4xx_HAL_Driver/Src/stm32f4xx_hal_tim_ex.o
                0x0000000008007510                HAL_TIMEx_CommutCallback
 .text.HAL_TIMEx_BreakCallback
                0x0000000008007524       0x14 ./Drivers/STM32F4xx_HAL_Driver/Src/stm32f4xx_hal_tim_ex.o
                0x0000000008007524                HAL_TIMEx_BreakCallback
 .text.HAL_UART_Init
                0x0000000008007538       0x9a ./Drivers/STM32F4xx_HAL_Driver/Src/stm32f4xx_hal_uart.o
                0x0000000008007538                HAL_UART_Init
 .text.HAL_UART_Transmit_IT
                0x00000000080075d2       0x8a ./Drivers/STM32F4xx_HAL_Driver/Src/stm32f4xx_hal_uart.o
                0x00000000080075d2                HAL_UART_Transmit_IT
 .text.HAL_UART_IRQHandler
                0x000000000800765c      0x51c ./Drivers/STM32F4xx_HAL_Driver/Src/stm32f4xx_hal_uart.o
                0x000000000800765c                HAL_UART_IRQHandler
 .text.HAL_UART_TxCpltCallback
                0x0000000008007b78       0x14 ./Drivers/STM32F4xx_HAL_Driver/Src/stm32f4xx_hal_uart.o
                0x0000000008007b78                HAL_UART_TxCpltCallback
 .text.HAL_UART_RxCpltCallback
                0x0000000008007b8c       0x14 ./Drivers/STM32F4xx_HAL_Driver/Src/stm32f4xx_hal_uart.o
                0x0000000008007b8c                HAL_UART_RxCpltCallback
 .text.HAL_UART_ErrorCallback
                0x0000000008007ba0       0x14 ./Drivers/STM32F4xx_HAL_Driver/Src/stm32f4xx_hal_uart.o
                0x0000000008007ba0                HAL_UART_ErrorCallback
 .text.HAL_UARTEx_RxEventCallback
                0x0000000008007bb4       0x18 ./Drivers/STM32F4xx_HAL_Driver/Src/stm32f4xx_hal_uart.o
                0x0000000008007bb4                HAL_UARTEx_RxEventCallback
 .text.UART_EndRxTransfer
                0x0000000008007bcc       0xc6 ./Drivers/STM32F4xx_HAL_Driver/Src/stm32f4xx_hal_uart.o
 .text.UART_DMAAbortOnError
                0x0000000008007c92       0x28 ./Drivers/STM32F4xx_HAL_Driver/Src/stm32f4xx_hal_uart.o
 .text.UART_Transmit_IT
                0x0000000008007cba       0xa0 ./Drivers/STM32F4xx_HAL_Driver/Src/stm32f4xx_hal_uart.o
 .text.UART_EndTransmit_IT
                0x0000000008007d5a       0x30 ./Drivers/STM32F4xx_HAL_Driver/Src/stm32f4xx_hal_uart.o
 .text.UART_Receive_IT
                0x0000000008007d8a      0x176 ./Drivers/STM32F4xx_HAL_Driver/Src/stm32f4xx_hal_uart.o
 .text.UART_SetConfig
                0x0000000008007f00      0x4e8 ./Drivers/STM32F4xx_HAL_Driver/Src/stm32f4xx_hal_uart.o
 .text.makeFreeRtosPriority
                0x00000000080083e8       0x30 ./Middlewares/Third_Party/FreeRTOS/Source/CMSIS_RTOS/cmsis_os.o
 .text.osKernelStart
                0x0000000008008418        0xe ./Middlewares/Third_Party/FreeRTOS/Source/CMSIS_RTOS/cmsis_os.o
                0x0000000008008418                osKernelStart
 .text.osThreadCreate
                0x0000000008008426       0x98 ./Middlewares/Third_Party/FreeRTOS/Source/CMSIS_RTOS/cmsis_os.o
                0x0000000008008426                osThreadCreate
 .text.osDelay  0x00000000080084be       0x28 ./Middlewares/Third_Party/FreeRTOS/Source/CMSIS_RTOS/cmsis_os.o
                0x00000000080084be                osDelay
 .text.vListInitialise
                0x00000000080084e6       0x40 ./Middlewares/Third_Party/FreeRTOS/Source/list.o
                0x00000000080084e6                vListInitialise
 .text.vListInitialiseItem
                0x0000000008008526       0x1a ./Middlewares/Third_Party/FreeRTOS/Source/list.o
                0x0000000008008526                vListInitialiseItem
 .text.vListInsertEnd
                0x0000000008008540       0x48 ./Middlewares/Third_Party/FreeRTOS/Source/list.o
                0x0000000008008540                vListInsertEnd
 .text.vListInsert
                0x0000000008008588       0x72 ./Middlewares/Third_Party/FreeRTOS/Source/list.o
                0x0000000008008588                vListInsert
 .text.uxListRemove
                0x00000000080085fa       0x54 ./Middlewares/Third_Party/FreeRTOS/Source/list.o
                0x00000000080085fa                uxListRemove
 .text.xTaskCreateStatic
                0x000000000800864e       0xba ./Middlewares/Third_Party/FreeRTOS/Source/tasks.o
                0x000000000800864e                xTaskCreateStatic
 .text.xTaskCreate
                0x0000000008008708       0x8a ./Middlewares/Third_Party/FreeRTOS/Source/tasks.o
                0x0000000008008708                xTaskCreate
 *fill*         0x0000000008008792        0x2 
 .text.prvInitialiseNewTask
                0x0000000008008794      0x13c ./Middlewares/Third_Party/FreeRTOS/Source/tasks.o
 .text.prvAddNewTaskToReadyList
                0x00000000080088d0       0xd4 ./Middlewares/Third_Party/FreeRTOS/Source/tasks.o
 .text.vTaskDelay
                0x00000000080089a4       0x68 ./Middlewares/Third_Party/FreeRTOS/Source/tasks.o
                0x00000000080089a4                vTaskDelay
 .text.vTaskStartScheduler
                0x0000000008008a0c       0xd4 ./Middlewares/Third_Party/FreeRTOS/Source/tasks.o
                0x0000000008008a0c                vTaskStartScheduler
 .text.vTaskSuspendAll
                0x0000000008008ae0       0x1c ./Middlewares/Third_Party/FreeRTOS/Source/tasks.o
                0x0000000008008ae0                vTaskSuspendAll
 .text.xTaskResumeAll
                0x0000000008008afc      0x138 ./Middlewares/Third_Party/FreeRTOS/Source/tasks.o
                0x0000000008008afc                xTaskResumeAll
 .text.xTaskIncrementTick
                0x0000000008008c34      0x170 ./Middlewares/Third_Party/FreeRTOS/Source/tasks.o
                0x0000000008008c34                xTaskIncrementTick
 .text.vTaskSwitchContext
                0x0000000008008da4       0xc4 ./Middlewares/Third_Party/FreeRTOS/Source/tasks.o
                0x0000000008008da4                vTaskSwitchContext
 .text.prvIdleTask
                0x0000000008008e68       0x30 ./Middlewares/Third_Party/FreeRTOS/Source/tasks.o
 .text.prvInitialiseTaskLists
                0x0000000008008e98       0x80 ./Middlewares/Third_Party/FreeRTOS/Source/tasks.o
 .text.prvCheckTasksWaitingTermination
                0x0000000008008f18       0x5c ./Middlewares/Third_Party/FreeRTOS/Source/tasks.o
 .text.prvDeleteTCB
                0x0000000008008f74       0x68 ./Middlewares/Third_Party/FreeRTOS/Source/tasks.o
 .text.prvResetNextTaskUnblockTime
                0x0000000008008fdc       0x40 ./Middlewares/Third_Party/FreeRTOS/Source/tasks.o
 .text.prvAddCurrentTaskToDelayedList
                0x000000000800901c       0xcc ./Middlewares/Third_Party/FreeRTOS/Source/tasks.o
 .text.pxPortInitialiseStack
                0x00000000080090e8       0x68 ./Middlewares/Third_Party/FreeRTOS/Source/portable/GCC/ARM_CM4F/port.o
                0x00000000080090e8                pxPortInitialiseStack
 .text.prvTaskExitError
                0x0000000008009150       0x58 ./Middlewares/Third_Party/FreeRTOS/Source/portable/GCC/ARM_CM4F/port.o
 *fill*         0x00000000080091a8        0x8 
 .text.SVC_Handler
                0x00000000080091b0       0x28 ./Middlewares/Third_Party/FreeRTOS/Source/portable/GCC/ARM_CM4F/port.o
                0x00000000080091b0                SVC_Handler
 .text.prvPortStartFirstTask
                0x00000000080091d8       0x28 ./Middlewares/Third_Party/FreeRTOS/Source/portable/GCC/ARM_CM4F/port.o
 .text.xPortStartScheduler
                0x0000000008009200      0x144 ./Middlewares/Third_Party/FreeRTOS/Source/portable/GCC/ARM_CM4F/port.o
                0x0000000008009200                xPortStartScheduler
 .text.vPortEnterCritical
                0x0000000008009344       0x60 ./Middlewares/Third_Party/FreeRTOS/Source/portable/GCC/ARM_CM4F/port.o
                0x0000000008009344                vPortEnterCritical
 .text.vPortExitCritical
                0x00000000080093a4       0x54 ./Middlewares/Third_Party/FreeRTOS/Source/portable/GCC/ARM_CM4F/port.o
                0x00000000080093a4                vPortExitCritical
 *fill*         0x00000000080093f8        0x8 
 .text.PendSV_Handler
                0x0000000008009400       0x68 ./Middlewares/Third_Party/FreeRTOS/Source/portable/GCC/ARM_CM4F/port.o
                0x0000000008009400                PendSV_Handler
 .text.SysTick_Handler
                0x0000000008009468       0x44 ./Middlewares/Third_Party/FreeRTOS/Source/portable/GCC/ARM_CM4F/port.o
                0x0000000008009468                SysTick_Handler
 .text.vPortSetupTimerInterrupt
                0x00000000080094ac       0x48 ./Middlewares/Third_Party/FreeRTOS/Source/portable/GCC/ARM_CM4F/port.o
                0x00000000080094ac                vPortSetupTimerInterrupt
 .text.vPortEnableVFP
                0x00000000080094f4       0x14 ./Middlewares/Third_Party/FreeRTOS/Source/portable/GCC/ARM_CM4F/port.o
 .text.pvPortMalloc
                0x0000000008009508      0x198 ./Middlewares/Third_Party/FreeRTOS/Source/portable/MemMang/heap_4.o
                0x0000000008009508                pvPortMalloc
 .text.vPortFree
                0x00000000080096a0       0xc4 ./Middlewares/Third_Party/FreeRTOS/Source/portable/MemMang/heap_4.o
                0x00000000080096a0                vPortFree
 .text.prvHeapInit
                0x0000000008009764       0xc4 ./Middlewares/Third_Party/FreeRTOS/Source/portable/MemMang/heap_4.o
 .text.prvInsertBlockIntoFreeList
                0x0000000008009828       0xb4 ./Middlewares/Third_Party/FreeRTOS/Source/portable/MemMang/heap_4.o
 .text.std      0x00000000080098dc       0x6c C:/ST/STM32CubeIDE_1.13.2/STM32CubeIDE/plugins/com.st.stm32cube.ide.mcu.externaltools.gnu-tools-for-stm32.11.3.rel1.win32_1.1.1.202309131626/tools/bin/../lib/gcc/arm-none-eabi/11.3.1/../../../../arm-none-eabi/lib/thumb/v7e-m+fp/hard\libc_nano.a(libc_a-findfp.o)
 .text.stdio_exit_handler
                0x0000000008009948       0x18 C:/ST/STM32CubeIDE_1.13.2/STM32CubeIDE/plugins/com.st.stm32cube.ide.mcu.externaltools.gnu-tools-for-stm32.11.3.rel1.win32_1.1.1.202309131626/tools/bin/../lib/gcc/arm-none-eabi/11.3.1/../../../../arm-none-eabi/lib/thumb/v7e-m+fp/hard\libc_nano.a(libc_a-findfp.o)
 .text.cleanup_stdio
                0x0000000008009960       0x40 C:/ST/STM32CubeIDE_1.13.2/STM32CubeIDE/plugins/com.st.stm32cube.ide.mcu.externaltools.gnu-tools-for-stm32.11.3.rel1.win32_1.1.1.202309131626/tools/bin/../lib/gcc/arm-none-eabi/11.3.1/../../../../arm-none-eabi/lib/thumb/v7e-m+fp/hard\libc_nano.a(libc_a-findfp.o)
 .text.global_stdio_init.part.0
                0x00000000080099a0       0x3c C:/ST/STM32CubeIDE_1.13.2/STM32CubeIDE/plugins/com.st.stm32cube.ide.mcu.externaltools.gnu-tools-for-stm32.11.3.rel1.win32_1.1.1.202309131626/tools/bin/../lib/gcc/arm-none-eabi/11.3.1/../../../../arm-none-eabi/lib/thumb/v7e-m+fp/hard\libc_nano.a(libc_a-findfp.o)
 .text.__sfp_lock_acquire
                0x00000000080099dc        0xc C:/ST/STM32CubeIDE_1.13.2/STM32CubeIDE/plugins/com.st.stm32cube.ide.mcu.externaltools.gnu-tools-for-stm32.11.3.rel1.win32_1.1.1.202309131626/tools/bin/../lib/gcc/arm-none-eabi/11.3.1/../../../../arm-none-eabi/lib/thumb/v7e-m+fp/hard\libc_nano.a(libc_a-findfp.o)
                0x00000000080099dc                __sfp_lock_acquire
 .text.__sfp_lock_release
                0x00000000080099e8        0xc C:/ST/STM32CubeIDE_1.13.2/STM32CubeIDE/plugins/com.st.stm32cube.ide.mcu.externaltools.gnu-tools-for-stm32.11.3.rel1.win32_1.1.1.202309131626/tools/bin/../lib/gcc/arm-none-eabi/11.3.1/../../../../arm-none-eabi/lib/thumb/v7e-m+fp/hard\libc_nano.a(libc_a-findfp.o)
                0x00000000080099e8                __sfp_lock_release
 .text.__sinit  0x00000000080099f4       0x30 C:/ST/STM32CubeIDE_1.13.2/STM32CubeIDE/plugins/com.st.stm32cube.ide.mcu.externaltools.gnu-tools-for-stm32.11.3.rel1.win32_1.1.1.202309131626/tools/bin/../lib/gcc/arm-none-eabi/11.3.1/../../../../arm-none-eabi/lib/thumb/v7e-m+fp/hard\libc_nano.a(libc_a-findfp.o)
                0x00000000080099f4                __sinit
 .text._fwalk_sglue
                0x0000000008009a24       0x3c C:/ST/STM32CubeIDE_1.13.2/STM32CubeIDE/plugins/com.st.stm32cube.ide.mcu.externaltools.gnu-tools-for-stm32.11.3.rel1.win32_1.1.1.202309131626/tools/bin/../lib/gcc/arm-none-eabi/11.3.1/../../../../arm-none-eabi/lib/thumb/v7e-m+fp/hard\libc_nano.a(libc_a-fwalk.o)
                0x0000000008009a24                _fwalk_sglue
 .text.printf   0x0000000008009a60       0x24 C:/ST/STM32CubeIDE_1.13.2/STM32CubeIDE/plugins/com.st.stm32cube.ide.mcu.externaltools.gnu-tools-for-stm32.11.3.rel1.win32_1.1.1.202309131626/tools/bin/../lib/gcc/arm-none-eabi/11.3.1/../../../../arm-none-eabi/lib/thumb/v7e-m+fp/hard\libc_nano.a(libc_a-printf.o)
                0x0000000008009a60                iprintf
                0x0000000008009a60                printf
 .text.__sread  0x0000000008009a84       0x22 C:/ST/STM32CubeIDE_1.13.2/STM32CubeIDE/plugins/com.st.stm32cube.ide.mcu.externaltools.gnu-tools-for-stm32.11.3.rel1.win32_1.1.1.202309131626/tools/bin/../lib/gcc/arm-none-eabi/11.3.1/../../../../arm-none-eabi/lib/thumb/v7e-m+fp/hard\libc_nano.a(libc_a-stdio.o)
                0x0000000008009a84                __sread
 .text.__swrite
                0x0000000008009aa6       0x38 C:/ST/STM32CubeIDE_1.13.2/STM32CubeIDE/plugins/com.st.stm32cube.ide.mcu.externaltools.gnu-tools-for-stm32.11.3.rel1.win32_1.1.1.202309131626/tools/bin/../lib/gcc/arm-none-eabi/11.3.1/../../../../arm-none-eabi/lib/thumb/v7e-m+fp/hard\libc_nano.a(libc_a-stdio.o)
                0x0000000008009aa6                __swrite
 .text.__sseek  0x0000000008009ade       0x24 C:/ST/STM32CubeIDE_1.13.2/STM32CubeIDE/plugins/com.st.stm32cube.ide.mcu.externaltools.gnu-tools-for-stm32.11.3.rel1.win32_1.1.1.202309131626/tools/bin/../lib/gcc/arm-none-eabi/11.3.1/../../../../arm-none-eabi/lib/thumb/v7e-m+fp/hard\libc_nano.a(libc_a-stdio.o)
                0x0000000008009ade                __sseek
 .text.__sclose
                0x0000000008009b02        0x8 C:/ST/STM32CubeIDE_1.13.2/STM32CubeIDE/plugins/com.st.stm32cube.ide.mcu.externaltools.gnu-tools-for-stm32.11.3.rel1.win32_1.1.1.202309131626/tools/bin/../lib/gcc/arm-none-eabi/11.3.1/../../../../arm-none-eabi/lib/thumb/v7e-m+fp/hard\libc_nano.a(libc_a-stdio.o)
                0x0000000008009b02                __sclose
 .text.memset   0x0000000008009b0a       0x10 C:/ST/STM32CubeIDE_1.13.2/STM32CubeIDE/plugins/com.st.stm32cube.ide.mcu.externaltools.gnu-tools-for-stm32.11.3.rel1.win32_1.1.1.202309131626/tools/bin/../lib/gcc/arm-none-eabi/11.3.1/../../../../arm-none-eabi/lib/thumb/v7e-m+fp/hard\libc_nano.a(libc_a-memset.o)
                0x0000000008009b0a                memset
 *fill*         0x0000000008009b1a        0x2 
 .text._close_r
                0x0000000008009b1c       0x20 C:/ST/STM32CubeIDE_1.13.2/STM32CubeIDE/plugins/com.st.stm32cube.ide.mcu.externaltools.gnu-tools-for-stm32.11.3.rel1.win32_1.1.1.202309131626/tools/bin/../lib/gcc/arm-none-eabi/11.3.1/../../../../arm-none-eabi/lib/thumb/v7e-m+fp/hard\libc_nano.a(libc_a-closer.o)
                0x0000000008009b1c                _close_r
 .text._reclaim_reent
                0x0000000008009b3c       0xac C:/ST/STM32CubeIDE_1.13.2/STM32CubeIDE/plugins/com.st.stm32cube.ide.mcu.externaltools.gnu-tools-for-stm32.11.3.rel1.win32_1.1.1.202309131626/tools/bin/../lib/gcc/arm-none-eabi/11.3.1/../../../../arm-none-eabi/lib/thumb/v7e-m+fp/hard\libc_nano.a(libc_a-reent.o)
                0x0000000008009b3c                _reclaim_reent
 .text._lseek_r
                0x0000000008009be8       0x24 C:/ST/STM32CubeIDE_1.13.2/STM32CubeIDE/plugins/com.st.stm32cube.ide.mcu.externaltools.gnu-tools-for-stm32.11.3.rel1.win32_1.1.1.202309131626/tools/bin/../lib/gcc/arm-none-eabi/11.3.1/../../../../arm-none-eabi/lib/thumb/v7e-m+fp/hard\libc_nano.a(libc_a-lseekr.o)
                0x0000000008009be8                _lseek_r
 .text._read_r  0x0000000008009c0c       0x24 C:/ST/STM32CubeIDE_1.13.2/STM32CubeIDE/plugins/com.st.stm32cube.ide.mcu.externaltools.gnu-tools-for-stm32.11.3.rel1.win32_1.1.1.202309131626/tools/bin/../lib/gcc/arm-none-eabi/11.3.1/../../../../arm-none-eabi/lib/thumb/v7e-m+fp/hard\libc_nano.a(libc_a-readr.o)
                0x0000000008009c0c                _read_r
 .text._write_r
                0x0000000008009c30       0x24 C:/ST/STM32CubeIDE_1.13.2/STM32CubeIDE/plugins/com.st.stm32cube.ide.mcu.externaltools.gnu-tools-for-stm32.11.3.rel1.win32_1.1.1.202309131626/tools/bin/../lib/gcc/arm-none-eabi/11.3.1/../../../../arm-none-eabi/lib/thumb/v7e-m+fp/hard\libc_nano.a(libc_a-writer.o)
                0x0000000008009c30                _write_r
 .text.__errno  0x0000000008009c54        0xc C:/ST/STM32CubeIDE_1.13.2/STM32CubeIDE/plugins/com.st.stm32cube.ide.mcu.externaltools.gnu-tools-for-stm32.11.3.rel1.win32_1.1.1.202309131626/tools/bin/../lib/gcc/arm-none-eabi/11.3.1/../../../../arm-none-eabi/lib/thumb/v7e-m+fp/hard\libc_nano.a(libc_a-errno.o)
                0x0000000008009c54                __errno
 .text.__libc_init_array
                0x0000000008009c60       0x48 C:/ST/STM32CubeIDE_1.13.2/STM32CubeIDE/plugins/com.st.stm32cube.ide.mcu.externaltools.gnu-tools-for-stm32.11.3.rel1.win32_1.1.1.202309131626/tools/bin/../lib/gcc/arm-none-eabi/11.3.1/../../../../arm-none-eabi/lib/thumb/v7e-m+fp/hard\libc_nano.a(libc_a-init.o)
                0x0000000008009c60                __libc_init_array
 .text.__retarget_lock_init_recursive
                0x0000000008009ca8        0x2 C:/ST/STM32CubeIDE_1.13.2/STM32CubeIDE/plugins/com.st.stm32cube.ide.mcu.externaltools.gnu-tools-for-stm32.11.3.rel1.win32_1.1.1.202309131626/tools/bin/../lib/gcc/arm-none-eabi/11.3.1/../../../../arm-none-eabi/lib/thumb/v7e-m+fp/hard\libc_nano.a(libc_a-lock.o)
                0x0000000008009ca8                __retarget_lock_init_recursive
 .text.__retarget_lock_acquire_recursive
                0x0000000008009caa        0x2 C:/ST/STM32CubeIDE_1.13.2/STM32CubeIDE/plugins/com.st.stm32cube.ide.mcu.externaltools.gnu-tools-for-stm32.11.3.rel1.win32_1.1.1.202309131626/tools/bin/../lib/gcc/arm-none-eabi/11.3.1/../../../../arm-none-eabi/lib/thumb/v7e-m+fp/hard\libc_nano.a(libc_a-lock.o)
                0x0000000008009caa                __retarget_lock_acquire_recursive
 .text.__retarget_lock_release_recursive
                0x0000000008009cac        0x2 C:/ST/STM32CubeIDE_1.13.2/STM32CubeIDE/plugins/com.st.stm32cube.ide.mcu.externaltools.gnu-tools-for-stm32.11.3.rel1.win32_1.1.1.202309131626/tools/bin/../lib/gcc/arm-none-eabi/11.3.1/../../../../arm-none-eabi/lib/thumb/v7e-m+fp/hard\libc_nano.a(libc_a-lock.o)
                0x0000000008009cac                __retarget_lock_release_recursive
 *fill*         0x0000000008009cae        0x2 
 .text._free_r  0x0000000008009cb0       0x98 C:/ST/STM32CubeIDE_1.13.2/STM32CubeIDE/plugins/com.st.stm32cube.ide.mcu.externaltools.gnu-tools-for-stm32.11.3.rel1.win32_1.1.1.202309131626/tools/bin/../lib/gcc/arm-none-eabi/11.3.1/../../../../arm-none-eabi/lib/thumb/v7e-m+fp/hard\libc_nano.a(libc_a-freer.o)
                0x0000000008009cb0                _free_r
 .text.sbrk_aligned
                0x0000000008009d48       0x40 C:/ST/STM32CubeIDE_1.13.2/STM32CubeIDE/plugins/com.st.stm32cube.ide.mcu.externaltools.gnu-tools-for-stm32.11.3.rel1.win32_1.1.1.202309131626/tools/bin/../lib/gcc/arm-none-eabi/11.3.1/../../../../arm-none-eabi/lib/thumb/v7e-m+fp/hard\libc_nano.a(libc_a-mallocr.o)
 .text._malloc_r
                0x0000000008009d88      0x100 C:/ST/STM32CubeIDE_1.13.2/STM32CubeIDE/plugins/com.st.stm32cube.ide.mcu.externaltools.gnu-tools-for-stm32.11.3.rel1.win32_1.1.1.202309131626/tools/bin/../lib/gcc/arm-none-eabi/11.3.1/../../../../arm-none-eabi/lib/thumb/v7e-m+fp/hard\libc_nano.a(libc_a-mallocr.o)
                0x0000000008009d88                _malloc_r
 .text.__malloc_lock
                0x0000000008009e88        0xc C:/ST/STM32CubeIDE_1.13.2/STM32CubeIDE/plugins/com.st.stm32cube.ide.mcu.externaltools.gnu-tools-for-stm32.11.3.rel1.win32_1.1.1.202309131626/tools/bin/../lib/gcc/arm-none-eabi/11.3.1/../../../../arm-none-eabi/lib/thumb/v7e-m+fp/hard\libc_nano.a(libc_a-mlock.o)
                0x0000000008009e88                __malloc_lock
 .text.__malloc_unlock
                0x0000000008009e94        0xc C:/ST/STM32CubeIDE_1.13.2/STM32CubeIDE/plugins/com.st.stm32cube.ide.mcu.externaltools.gnu-tools-for-stm32.11.3.rel1.win32_1.1.1.202309131626/tools/bin/../lib/gcc/arm-none-eabi/11.3.1/../../../../arm-none-eabi/lib/thumb/v7e-m+fp/hard\libc_nano.a(libc_a-mlock.o)
                0x0000000008009e94                __malloc_unlock
 .text.__sfputc_r
                0x0000000008009ea0       0x2e C:/ST/STM32CubeIDE_1.13.2/STM32CubeIDE/plugins/com.st.stm32cube.ide.mcu.externaltools.gnu-tools-for-stm32.11.3.rel1.win32_1.1.1.202309131626/tools/bin/../lib/gcc/arm-none-eabi/11.3.1/../../../../arm-none-eabi/lib/thumb/v7e-m+fp/hard\libc_nano.a(libc_a-nano-vfprintf.o)
 .text.__sfputs_r
                0x0000000008009ece       0x24 C:/ST/STM32CubeIDE_1.13.2/STM32CubeIDE/plugins/com.st.stm32cube.ide.mcu.externaltools.gnu-tools-for-stm32.11.3.rel1.win32_1.1.1.202309131626/tools/bin/../lib/gcc/arm-none-eabi/11.3.1/../../../../arm-none-eabi/lib/thumb/v7e-m+fp/hard\libc_nano.a(libc_a-nano-vfprintf.o)
                0x0000000008009ece                __sfputs_r
 *fill*         0x0000000008009ef2        0x2 
 .text._vfprintf_r
                0x0000000008009ef4      0x234 C:/ST/STM32CubeIDE_1.13.2/STM32CubeIDE/plugins/com.st.stm32cube.ide.mcu.externaltools.gnu-tools-for-stm32.11.3.rel1.win32_1.1.1.202309131626/tools/bin/../lib/gcc/arm-none-eabi/11.3.1/../../../../arm-none-eabi/lib/thumb/v7e-m+fp/hard\libc_nano.a(libc_a-nano-vfprintf.o)
                0x0000000008009ef4                _vfprintf_r
                0x0000000008009ef4                _vfiprintf_r
 .text._printf_common
                0x000000000800a128       0xda C:/ST/STM32CubeIDE_1.13.2/STM32CubeIDE/plugins/com.st.stm32cube.ide.mcu.externaltools.gnu-tools-for-stm32.11.3.rel1.win32_1.1.1.202309131626/tools/bin/../lib/gcc/arm-none-eabi/11.3.1/../../../../arm-none-eabi/lib/thumb/v7e-m+fp/hard\libc_nano.a(libc_a-nano-vfprintf_i.o)
                0x000000000800a128                _printf_common
 *fill*         0x000000000800a202        0x2 
 .text._printf_i
                0x000000000800a204      0x244 C:/ST/STM32CubeIDE_1.13.2/STM32CubeIDE/plugins/com.st.stm32cube.ide.mcu.externaltools.gnu-tools-for-stm32.11.3.rel1.win32_1.1.1.202309131626/tools/bin/../lib/gcc/arm-none-eabi/11.3.1/../../../../arm-none-eabi/lib/thumb/v7e-m+fp/hard\libc_nano.a(libc_a-nano-vfprintf_i.o)
                0x000000000800a204                _printf_i
 .text.__sflush_r
                0x000000000800a448      0x10c C:/ST/STM32CubeIDE_1.13.2/STM32CubeIDE/plugins/com.st.stm32cube.ide.mcu.externaltools.gnu-tools-for-stm32.11.3.rel1.win32_1.1.1.202309131626/tools/bin/../lib/gcc/arm-none-eabi/11.3.1/../../../../arm-none-eabi/lib/thumb/v7e-m+fp/hard\libc_nano.a(libc_a-fflush.o)
                0x000000000800a448                __sflush_r
 .text._fflush_r
                0x000000000800a554       0x50 C:/ST/STM32CubeIDE_1.13.2/STM32CubeIDE/plugins/com.st.stm32cube.ide.mcu.externaltools.gnu-tools-for-stm32.11.3.rel1.win32_1.1.1.202309131626/tools/bin/../lib/gcc/arm-none-eabi/11.3.1/../../../../arm-none-eabi/lib/thumb/v7e-m+fp/hard\libc_nano.a(libc_a-fflush.o)
                0x000000000800a554                _fflush_r
 .text.__swbuf_r
                0x000000000800a5a4       0x7a C:/ST/STM32CubeIDE_1.13.2/STM32CubeIDE/plugins/com.st.stm32cube.ide.mcu.externaltools.gnu-tools-for-stm32.11.3.rel1.win32_1.1.1.202309131626/tools/bin/../lib/gcc/arm-none-eabi/11.3.1/../../../../arm-none-eabi/lib/thumb/v7e-m+fp/hard\libc_nano.a(libc_a-wbuf.o)
                0x000000000800a5a4                __swbuf_r
 *fill*         0x000000000800a61e        0x2 
 .text.__swsetup_r
                0x000000000800a620       0xb0 C:/ST/STM32CubeIDE_1.13.2/STM32CubeIDE/plugins/com.st.stm32cube.ide.mcu.externaltools.gnu-tools-for-stm32.11.3.rel1.win32_1.1.1.202309131626/tools/bin/../lib/gcc/arm-none-eabi/11.3.1/../../../../arm-none-eabi/lib/thumb/v7e-m+fp/hard\libc_nano.a(libc_a-wsetup.o)
                0x000000000800a620                __swsetup_r
 .text._sbrk_r  0x000000000800a6d0       0x20 C:/ST/STM32CubeIDE_1.13.2/STM32CubeIDE/plugins/com.st.stm32cube.ide.mcu.externaltools.gnu-tools-for-stm32.11.3.rel1.win32_1.1.1.202309131626/tools/bin/../lib/gcc/arm-none-eabi/11.3.1/../../../../arm-none-eabi/lib/thumb/v7e-m+fp/hard\libc_nano.a(libc_a-sbrkr.o)
                0x000000000800a6d0                _sbrk_r
 .text.__swhatbuf_r
                0x000000000800a6f0       0x4c C:/ST/STM32CubeIDE_1.13.2/STM32CubeIDE/plugins/com.st.stm32cube.ide.mcu.externaltools.gnu-tools-for-stm32.11.3.rel1.win32_1.1.1.202309131626/tools/bin/../lib/gcc/arm-none-eabi/11.3.1/../../../../arm-none-eabi/lib/thumb/v7e-m+fp/hard\libc_nano.a(libc_a-makebuf.o)
                0x000000000800a6f0                __swhatbuf_r
 .text.__smakebuf_r
                0x000000000800a73c       0x78 C:/ST/STM32CubeIDE_1.13.2/STM32CubeIDE/plugins/com.st.stm32cube.ide.mcu.externaltools.gnu-tools-for-stm32.11.3.rel1.win32_1.1.1.202309131626/tools/bin/../lib/gcc/arm-none-eabi/11.3.1/../../../../arm-none-eabi/lib/thumb/v7e-m+fp/hard\libc_nano.a(libc_a-makebuf.o)
                0x000000000800a73c                __smakebuf_r
 .text._fstat_r
                0x000000000800a7b4       0x24 C:/ST/STM32CubeIDE_1.13.2/STM32CubeIDE/plugins/com.st.stm32cube.ide.mcu.externaltools.gnu-tools-for-stm32.11.3.rel1.win32_1.1.1.202309131626/tools/bin/../lib/gcc/arm-none-eabi/11.3.1/../../../../arm-none-eabi/lib/thumb/v7e-m+fp/hard\libc_nano.a(libc_a-fstatr.o)
                0x000000000800a7b4                _fstat_r
 .text._isatty_r
                0x000000000800a7d8       0x20 C:/ST/STM32CubeIDE_1.13.2/STM32CubeIDE/plugins/com.st.stm32cube.ide.mcu.externaltools.gnu-tools-for-stm32.11.3.rel1.win32_1.1.1.202309131626/tools/bin/../lib/gcc/arm-none-eabi/11.3.1/../../../../arm-none-eabi/lib/thumb/v7e-m+fp/hard\libc_nano.a(libc_a-isattyr.o)
                0x000000000800a7d8                _isatty_r
 *(.glue_7)
 .glue_7        0x000000000800a7f8        0x0 linker stubs
 *(.glue_7t)
 .glue_7t       0x000000000800a7f8        0x0 linker stubs
 *(.eh_frame)
 .eh_frame      0x000000000800a7f8        0x0 C:/ST/STM32CubeIDE_1.13.2/STM32CubeIDE/plugins/com.st.stm32cube.ide.mcu.externaltools.gnu-tools-for-stm32.11.3.rel1.win32_1.1.1.202309131626/tools/bin/../lib/gcc/arm-none-eabi/11.3.1/thumb/v7e-m+fp/hard/crtbegin.o
 *(.init)
 .init          0x000000000800a7f8        0x4 C:/ST/STM32CubeIDE_1.13.2/STM32CubeIDE/plugins/com.st.stm32cube.ide.mcu.externaltools.gnu-tools-for-stm32.11.3.rel1.win32_1.1.1.202309131626/tools/bin/../lib/gcc/arm-none-eabi/11.3.1/thumb/v7e-m+fp/hard/crti.o
                0x000000000800a7f8                _init
 .init          0x000000000800a7fc        0x8 C:/ST/STM32CubeIDE_1.13.2/STM32CubeIDE/plugins/com.st.stm32cube.ide.mcu.externaltools.gnu-tools-for-stm32.11.3.rel1.win32_1.1.1.202309131626/tools/bin/../lib/gcc/arm-none-eabi/11.3.1/thumb/v7e-m+fp/hard/crtn.o
 *(.fini)
 .fini          0x000000000800a804        0x4 C:/ST/STM32CubeIDE_1.13.2/STM32CubeIDE/plugins/com.st.stm32cube.ide.mcu.externaltools.gnu-tools-for-stm32.11.3.rel1.win32_1.1.1.202309131626/tools/bin/../lib/gcc/arm-none-eabi/11.3.1/thumb/v7e-m+fp/hard/crti.o
                0x000000000800a804                _fini
 .fini          0x000000000800a808        0x8 C:/ST/STM32CubeIDE_1.13.2/STM32CubeIDE/plugins/com.st.stm32cube.ide.mcu.externaltools.gnu-tools-for-stm32.11.3.rel1.win32_1.1.1.202309131626/tools/bin/../lib/gcc/arm-none-eabi/11.3.1/thumb/v7e-m+fp/hard/crtn.o
                0x000000000800a810                . = ALIGN (0x4)
                0x000000000800a810                _etext = .

.vfp11_veneer   0x000000000800a810        0x0
 .vfp11_veneer  0x000000000800a810        0x0 linker stubs

.v4_bx          0x000000000800a810        0x0
 .v4_bx         0x000000000800a810        0x0 linker stubs

.iplt           0x000000000800a810        0x0
 .iplt          0x000000000800a810        0x0 C:/ST/STM32CubeIDE_1.13.2/STM32CubeIDE/plugins/com.st.stm32cube.ide.mcu.externaltools.gnu-tools-for-stm32.11.3.rel1.win32_1.1.1.202309131626/tools/bin/../lib/gcc/arm-none-eabi/11.3.1/thumb/v7e-m+fp/hard/crtbegin.o

.rodata         0x000000000800a810      0x12c
                0x000000000800a810                . = ALIGN (0x4)
 *(.rodata)
 .rodata        0x000000000800a810       0xd5 ./Core/Src/main.o
 *fill*         0x000000000800a8e5        0x3 
 .rodata        0x000000000800a8e8        0x5 ./Middlewares/Third_Party/FreeRTOS/Source/tasks.o
 *(.rodata*)
 *fill*         0x000000000800a8ed        0x3 
 .rodata.AHBPrescTable
                0x000000000800a8f0       0x10 ./Core/Src/system_stm32f4xx.o
                0x000000000800a8f0                AHBPrescTable
 .rodata.APBPrescTable
                0x000000000800a900        0x8 ./Core/Src/system_stm32f4xx.o
                0x000000000800a900                APBPrescTable
 .rodata._vfprintf_r.str1.1
                0x000000000800a908       0x11 C:/ST/STM32CubeIDE_1.13.2/STM32CubeIDE/plugins/com.st.stm32cube.ide.mcu.externaltools.gnu-tools-for-stm32.11.3.rel1.win32_1.1.1.202309131626/tools/bin/../lib/gcc/arm-none-eabi/11.3.1/../../../../arm-none-eabi/lib/thumb/v7e-m+fp/hard\libc_nano.a(libc_a-nano-vfprintf.o)
 .rodata._printf_i.str1.1
                0x000000000800a919       0x22 C:/ST/STM32CubeIDE_1.13.2/STM32CubeIDE/plugins/com.st.stm32cube.ide.mcu.externaltools.gnu-tools-for-stm32.11.3.rel1.win32_1.1.1.202309131626/tools/bin/../lib/gcc/arm-none-eabi/11.3.1/../../../../arm-none-eabi/lib/thumb/v7e-m+fp/hard\libc_nano.a(libc_a-nano-vfprintf_i.o)
                0x000000000800a93c                . = ALIGN (0x4)
 *fill*         0x000000000800a93b        0x1 

.ARM.extab      0x000000000800a93c        0x0
                0x000000000800a93c                . = ALIGN (0x4)
 *(.ARM.extab* .gnu.linkonce.armextab.*)
                0x000000000800a93c                . = ALIGN (0x4)

.ARM            0x000000000800a93c        0x8
                0x000000000800a93c                . = ALIGN (0x4)
                0x000000000800a93c                __exidx_start = .
 *(.ARM.exidx*)
 .ARM.exidx     0x000000000800a93c        0x8 C:/ST/STM32CubeIDE_1.13.2/STM32CubeIDE/plugins/com.st.stm32cube.ide.mcu.externaltools.gnu-tools-for-stm32.11.3.rel1.win32_1.1.1.202309131626/tools/bin/../lib/gcc/arm-none-eabi/11.3.1/thumb/v7e-m+fp/hard\libgcc.a(_udivmoddi4.o)
                0x000000000800a944                __exidx_end = .
                0x000000000800a944                . = ALIGN (0x4)

.rel.dyn        0x000000000800a944        0x0
 .rel.iplt      0x000000000800a944        0x0 C:/ST/STM32CubeIDE_1.13.2/STM32CubeIDE/plugins/com.st.stm32cube.ide.mcu.externaltools.gnu-tools-for-stm32.11.3.rel1.win32_1.1.1.202309131626/tools/bin/../lib/gcc/arm-none-eabi/11.3.1/thumb/v7e-m+fp/hard/crtbegin.o

.preinit_array  0x000000000800a944        0x0
                0x000000000800a944                . = ALIGN (0x4)
                0x000000000800a944                PROVIDE (__preinit_array_start = .)
 *(.preinit_array*)
                0x000000000800a944                PROVIDE (__preinit_array_end = .)
                0x000000000800a944                . = ALIGN (0x4)

.init_array     0x000000000800a944        0x4
                0x000000000800a944                . = ALIGN (0x4)
                0x000000000800a944                PROVIDE (__init_array_start = .)
 *(SORT_BY_NAME(.init_array.*))
 *(.init_array*)
 .init_array    0x000000000800a944        0x4 C:/ST/STM32CubeIDE_1.13.2/STM32CubeIDE/plugins/com.st.stm32cube.ide.mcu.externaltools.gnu-tools-for-stm32.11.3.rel1.win32_1.1.1.202309131626/tools/bin/../lib/gcc/arm-none-eabi/11.3.1/thumb/v7e-m+fp/hard/crtbegin.o
                0x000000000800a948                PROVIDE (__init_array_end = .)
                0x000000000800a948                . = ALIGN (0x4)

.fini_array     0x000000000800a948        0x4
                0x000000000800a948                . = ALIGN (0x4)
                [!provide]                        PROVIDE (__fini_array_start = .)
 *(SORT_BY_NAME(.fini_array.*))
 *(.fini_array*)
 .fini_array    0x000000000800a948        0x4 C:/ST/STM32CubeIDE_1.13.2/STM32CubeIDE/plugins/com.st.stm32cube.ide.mcu.externaltools.gnu-tools-for-stm32.11.3.rel1.win32_1.1.1.202309131626/tools/bin/../lib/gcc/arm-none-eabi/11.3.1/thumb/v7e-m+fp/hard/crtbegin.o
                [!provide]                        PROVIDE (__fini_array_end = .)
                0x000000000800a94c                . = ALIGN (0x4)
                0x000000000800a94c                _sidata = LOADADDR (.data)

.data           0x0000000020000000      0x188 load address 0x000000000800a94c
                0x0000000020000000                . = ALIGN (0x4)
                0x0000000020000000                _sdata = .
 *(.data)
 *(.data*)
 .data.data0_buttons
                0x0000000020000000       0x20 ./Core/Src/ds4.o
                0x0000000020000000                data0_buttons
 .data.nos      0x0000000020000020        0x8 ./Core/Src/main.o
                0x0000000020000020                nos
 .data.mode     0x0000000020000028        0x4 ./Core/Src/main.o
                0x0000000020000028                mode
 .data.dutyR    0x000000002000002c        0x4 ./Core/Src/main.o
                0x000000002000002c                dutyR
 .data.k        0x0000000020000030        0x4 ./Core/Src/main.o
                0x0000000020000030                k
 .data.roller1  0x0000000020000034        0x8 ./Core/Src/motor_ctrl.o
                0x0000000020000034                roller1
 .data.roller2  0x000000002000003c        0x8 ./Core/Src/motor_ctrl.o
                0x000000002000003c                roller2
 .data.LeftFront
                0x0000000020000044       0x16 ./Core/Src/motor_ctrl.o
                0x0000000020000044                LeftFront
 *fill*         0x000000002000005a        0x2 
 .data.LeftBack
                0x000000002000005c       0x16 ./Core/Src/motor_ctrl.o
                0x000000002000005c                LeftBack
 *fill*         0x0000000020000072        0x2 
 .data.RightFront
                0x0000000020000074       0x16 ./Core/Src/motor_ctrl.o
                0x0000000020000074                RightFront
 *fill*         0x000000002000008a        0x2 
 .data.RightBack
                0x000000002000008c       0x16 ./Core/Src/motor_ctrl.o
                0x000000002000008c                RightBack
 *fill*         0x00000000200000a2        0x2 
 .data.MPelontar
                0x00000000200000a4       0x16 ./Core/Src/motor_ctrl.o
                0x00000000200000a4                MPelontar
 *fill*         0x00000000200000ba        0x2 
 .data.MBola    0x00000000200000bc       0x16 ./Core/Src/motor_ctrl.o
                0x00000000200000bc                MBola
 *fill*         0x00000000200000d2        0x2 
 .data.MExtendLeft
                0x00000000200000d4       0x16 ./Core/Src/motor_ctrl.o
                0x00000000200000d4                MExtendLeft
 *fill*         0x00000000200000ea        0x2 
 .data.MExtendRight
                0x00000000200000ec       0x16 ./Core/Src/motor_ctrl.o
                0x00000000200000ec                MExtendRight
 *fill*         0x0000000020000102        0x2 
 .data.MPadi    0x0000000020000104       0x16 ./Core/Src/motor_ctrl.o
                0x0000000020000104                MPadi
 *fill*         0x000000002000011a        0x2 
 .data.SystemCoreClock
                0x000000002000011c        0x4 ./Core/Src/system_stm32f4xx.o
                0x000000002000011c                SystemCoreClock
 .data.uwTickPrio
                0x0000000020000120        0x4 ./Drivers/STM32F4xx_HAL_Driver/Src/stm32f4xx_hal.o
                0x0000000020000120                uwTickPrio
 .data.uwTickFreq
                0x0000000020000124        0x1 ./Drivers/STM32F4xx_HAL_Driver/Src/stm32f4xx_hal.o
                0x0000000020000124                uwTickFreq
 *fill*         0x0000000020000125        0x3 
 .data.uxCriticalNesting
                0x0000000020000128        0x4 ./Middlewares/Third_Party/FreeRTOS/Source/portable/GCC/ARM_CM4F/port.o
 .data.__sglue  0x000000002000012c        0xc C:/ST/STM32CubeIDE_1.13.2/STM32CubeIDE/plugins/com.st.stm32cube.ide.mcu.externaltools.gnu-tools-for-stm32.11.3.rel1.win32_1.1.1.202309131626/tools/bin/../lib/gcc/arm-none-eabi/11.3.1/../../../../arm-none-eabi/lib/thumb/v7e-m+fp/hard\libc_nano.a(libc_a-findfp.o)
                0x000000002000012c                __sglue
 .data._impure_data
                0x0000000020000138       0x4c C:/ST/STM32CubeIDE_1.13.2/STM32CubeIDE/plugins/com.st.stm32cube.ide.mcu.externaltools.gnu-tools-for-stm32.11.3.rel1.win32_1.1.1.202309131626/tools/bin/../lib/gcc/arm-none-eabi/11.3.1/../../../../arm-none-eabi/lib/thumb/v7e-m+fp/hard\libc_nano.a(libc_a-impure.o)
                0x0000000020000138                _impure_data
 .data._impure_ptr
                0x0000000020000184        0x4 C:/ST/STM32CubeIDE_1.13.2/STM32CubeIDE/plugins/com.st.stm32cube.ide.mcu.externaltools.gnu-tools-for-stm32.11.3.rel1.win32_1.1.1.202309131626/tools/bin/../lib/gcc/arm-none-eabi/11.3.1/../../../../arm-none-eabi/lib/thumb/v7e-m+fp/hard\libc_nano.a(libc_a-impure.o)
                0x0000000020000184                _impure_ptr
 *(.RamFunc)
 *(.RamFunc*)
                0x0000000020000188                . = ALIGN (0x4)
                0x0000000020000188                _edata = .
                0x000000000800aad4                _siccmram = LOADADDR (.ccmram)

.igot.plt       0x0000000020000188        0x0 load address 0x000000000800aad4
 .igot.plt      0x0000000020000188        0x0 C:/ST/STM32CubeIDE_1.13.2/STM32CubeIDE/plugins/com.st.stm32cube.ide.mcu.externaltools.gnu-tools-for-stm32.11.3.rel1.win32_1.1.1.202309131626/tools/bin/../lib/gcc/arm-none-eabi/11.3.1/thumb/v7e-m+fp/hard/crtbegin.o

.ccmram         0x0000000010000000        0x0 load address 0x000000000800aad4
                0x0000000010000000                . = ALIGN (0x4)
                0x0000000010000000                _sccmram = .
 *(.ccmram)
 *(.ccmram*)
                0x0000000010000000                . = ALIGN (0x4)
                0x0000000010000000                _eccmram = .
                0x0000000010000000                . = ALIGN (0x4)

.bss            0x0000000020000188     0x4564
                0x0000000020000188                _sbss = .
                0x0000000020000188                __bss_start__ = _sbss
 *(.bss)
 .bss           0x0000000020000188       0x1c C:/ST/STM32CubeIDE_1.13.2/STM32CubeIDE/plugins/com.st.stm32cube.ide.mcu.externaltools.gnu-tools-for-stm32.11.3.rel1.win32_1.1.1.202309131626/tools/bin/../lib/gcc/arm-none-eabi/11.3.1/thumb/v7e-m+fp/hard/crtbegin.o
 *(.bss*)
 *fill*         0x00000000200001a4        0x4 
 .bss.out       0x00000000200001a8       0x20 ./Core/Src/4kinematik.o
                0x00000000200001a8                out
 .bss.xIdleTaskTCBBuffer
                0x00000000200001c8       0xa0 ./Core/Src/freertos.o
 .bss.xIdleStack
                0x0000000020000268      0x200 ./Core/Src/freertos.o
 .bss.hspi5     0x0000000020000468       0x58 ./Core/Src/main.o
                0x0000000020000468                hspi5
 .bss.htim1     0x00000000200004c0       0x48 ./Core/Src/main.o
                0x00000000200004c0                htim1
 .bss.htim3     0x0000000020000508       0x48 ./Core/Src/main.o
                0x0000000020000508                htim3
 .bss.htim4     0x0000000020000550       0x48 ./Core/Src/main.o
                0x0000000020000550                htim4
 .bss.htim5     0x0000000020000598       0x48 ./Core/Src/main.o
                0x0000000020000598                htim5
 .bss.htim8     0x00000000200005e0       0x48 ./Core/Src/main.o
                0x00000000200005e0                htim8
 .bss.htim9     0x0000000020000628       0x48 ./Core/Src/main.o
                0x0000000020000628                htim9
 .bss.htim12    0x0000000020000670       0x48 ./Core/Src/main.o
                0x0000000020000670                htim12
 .bss.huart3    0x00000000200006b8       0x44 ./Core/Src/main.o
                0x00000000200006b8                huart3
 .bss.InputTaskHandle
                0x00000000200006fc        0x4 ./Core/Src/main.o
                0x00000000200006fc                InputTaskHandle
 .bss.MechanismTaskHandle
                0x0000000020000700        0x4 ./Core/Src/main.o
                0x0000000020000700                MechanismTaskHandle
 .bss.OmniTaskHandle
                0x0000000020000704        0x4 ./Core/Src/main.o
                0x0000000020000704                OmniTaskHandle
 .bss.atas1     0x0000000020000708        0x4 ./Core/Src/main.o
                0x0000000020000708                atas1
 .bss.tpad1     0x000000002000070c        0x4 ./Core/Src/main.o
                0x000000002000070c                tpad1
 .bss.atas      0x0000000020000710        0x4 ./Core/Src/main.o
                0x0000000020000710                atas
 .bss.bawah     0x0000000020000714        0x4 ./Core/Src/main.o
                0x0000000020000714                bawah
 .bss.kanan     0x0000000020000718        0x4 ./Core/Src/main.o
                0x0000000020000718                kanan
 .bss.kiri      0x000000002000071c        0x4 ./Core/Src/main.o
                0x000000002000071c                kiri
 .bss.kotak     0x0000000020000720        0x4 ./Core/Src/main.o
                0x0000000020000720                kotak
 .bss.silang    0x0000000020000724        0x4 ./Core/Src/main.o
                0x0000000020000724                silang
 .bss.bulat     0x0000000020000728        0x4 ./Core/Src/main.o
                0x0000000020000728                bulat
 .bss.segitiga  0x000000002000072c        0x4 ./Core/Src/main.o
                0x000000002000072c                segitiga
 .bss.l1        0x0000000020000730        0x4 ./Core/Src/main.o
                0x0000000020000730                l1
 .bss.r1        0x0000000020000734        0x4 ./Core/Src/main.o
                0x0000000020000734                r1
 .bss.l3        0x0000000020000738        0x4 ./Core/Src/main.o
                0x0000000020000738                l3
 .bss.r3        0x000000002000073c        0x4 ./Core/Src/main.o
                0x000000002000073c                r3
 .bss.share     0x0000000020000740        0x4 ./Core/Src/main.o
                0x0000000020000740                share
 .bss.options   0x0000000020000744        0x4 ./Core/Src/main.o
                0x0000000020000744                options
 .bss.ps        0x0000000020000748        0x4 ./Core/Src/main.o
                0x0000000020000748                ps
 .bss.tpad      0x000000002000074c        0x4 ./Core/Src/main.o
                0x000000002000074c                tpad
 .bss.lx        0x0000000020000750        0x4 ./Core/Src/main.o
                0x0000000020000750                lx
 .bss.ly        0x0000000020000754        0x4 ./Core/Src/main.o
                0x0000000020000754                ly
 .bss.l2        0x0000000020000758        0x4 ./Core/Src/main.o
                0x0000000020000758                l2
 .bss.r2        0x000000002000075c        0x4 ./Core/Src/main.o
                0x000000002000075c                r2
 .bss.lxs       0x0000000020000760        0x4 ./Core/Src/main.o
                0x0000000020000760                lxs
 .bss.lys       0x0000000020000764        0x4 ./Core/Src/main.o
                0x0000000020000764                lys
 .bss.lxm       0x0000000020000768        0x4 ./Core/Src/main.o
                0x0000000020000768                lxm
 .bss.lym       0x000000002000076c        0x4 ./Core/Src/main.o
                0x000000002000076c                lym
 .bss.th        0x0000000020000770        0x4 ./Core/Src/main.o
                0x0000000020000770                th
 .bss.wheel     0x0000000020000774       0x10 ./Core/Src/main.o
                0x0000000020000774                wheel
 .bss.ret       0x0000000020000784        0x4 ./Core/Src/main.o
                0x0000000020000784                ret
 .bss.putar     0x0000000020000788        0x4 ./Core/Src/main.o
                0x0000000020000788                putar
 .bss.putar1    0x000000002000078c        0x4 ./Core/Src/main.o
                0x000000002000078c                putar1
 .bss.lsflag_1  0x0000000020000790        0x4 ./Core/Src/main.o
                0x0000000020000790                lsflag_1
 .bss.lsflag_2  0x0000000020000794        0x4 ./Core/Src/main.o
                0x0000000020000794                lsflag_2
 .bss.lsflag_3  0x0000000020000798        0x4 ./Core/Src/main.o
                0x0000000020000798                lsflag_3
 .bss.lsflag_4  0x000000002000079c        0x4 ./Core/Src/main.o
                0x000000002000079c                lsflag_4
 .bss.lsflag_5  0x00000000200007a0        0x4 ./Core/Src/main.o
                0x00000000200007a0                lsflag_5
 .bss.lsflag_6  0x00000000200007a4        0x4 ./Core/Src/main.o
                0x00000000200007a4                lsflag_6
 .bss.lsflag_7  0x00000000200007a8        0x4 ./Core/Src/main.o
                0x00000000200007a8                lsflag_7
 .bss.flagFirst
                0x00000000200007ac        0x4 ./Core/Src/main.o
                0x00000000200007ac                flagFirst
 .bss.capit     0x00000000200007b0        0x4 ./Core/Src/main.o
                0x00000000200007b0                capit
 .bss.stepLoading
                0x00000000200007b4        0x4 ./Core/Src/main.o
                0x00000000200007b4                stepLoading
 .bss.loopPadi  0x00000000200007b8        0x4 ./Core/Src/main.o
                0x00000000200007b8                loopPadi
 .bss.stepPadi  0x00000000200007bc        0x4 ./Core/Src/main.o
                0x00000000200007bc                stepPadi
 .bss.p1        0x00000000200007c0        0x4 ./Core/Src/main.o
                0x00000000200007c0                p1
 .bss.p2        0x00000000200007c4        0x4 ./Core/Src/main.o
                0x00000000200007c4                p2
 .bss.p3        0x00000000200007c8        0x4 ./Core/Src/main.o
                0x00000000200007c8                p3
 .bss.p4        0x00000000200007cc        0x4 ./Core/Src/main.o
                0x00000000200007cc                p4
 .bss.p5        0x00000000200007d0        0x4 ./Core/Src/main.o
                0x00000000200007d0                p5
 .bss.kec       0x00000000200007d4        0x4 ./Core/Src/main.o
                0x00000000200007d4                kec
 .bss.kec1      0x00000000200007d8        0x4 ./Core/Src/main.o
                0x00000000200007d8                kec1
 .bss.adj       0x00000000200007dc        0x4 ./Core/Src/main.o
                0x00000000200007dc                adj
 .bss.currentTick
                0x00000000200007e0        0x4 ./Core/Src/main.o
                0x00000000200007e0                currentTick
 .bss.nowTick   0x00000000200007e4        0x4 ./Core/Src/main.o
                0x00000000200007e4                nowTick
 .bss.rxMessage
                0x00000000200007e8       0x14 ./Core/Src/main.o
                0x00000000200007e8                rxMessage
 .bss.htim7     0x00000000200007fc       0x48 ./Core/Src/stm32f4xx_hal_timebase_tim.o
                0x00000000200007fc                htim7
 .bss.__sbrk_heap_end
                0x0000000020000844        0x4 ./Core/Src/sysmem.o
 .bss.uwTick    0x0000000020000848        0x4 ./Drivers/STM32F4xx_HAL_Driver/Src/stm32f4xx_hal.o
                0x0000000020000848                uwTick
 .bss.pxCurrentTCB
                0x000000002000084c        0x4 ./Middlewares/Third_Party/FreeRTOS/Source/tasks.o
                0x000000002000084c                pxCurrentTCB
 .bss.pxReadyTasksLists
                0x0000000020000850       0x8c ./Middlewares/Third_Party/FreeRTOS/Source/tasks.o
 .bss.xDelayedTaskList1
                0x00000000200008dc       0x14 ./Middlewares/Third_Party/FreeRTOS/Source/tasks.o
 .bss.xDelayedTaskList2
                0x00000000200008f0       0x14 ./Middlewares/Third_Party/FreeRTOS/Source/tasks.o
 .bss.pxDelayedTaskList
                0x0000000020000904        0x4 ./Middlewares/Third_Party/FreeRTOS/Source/tasks.o
 .bss.pxOverflowDelayedTaskList
                0x0000000020000908        0x4 ./Middlewares/Third_Party/FreeRTOS/Source/tasks.o
 .bss.xPendingReadyList
                0x000000002000090c       0x14 ./Middlewares/Third_Party/FreeRTOS/Source/tasks.o
 .bss.xTasksWaitingTermination
                0x0000000020000920       0x14 ./Middlewares/Third_Party/FreeRTOS/Source/tasks.o
 .bss.uxDeletedTasksWaitingCleanUp
                0x0000000020000934        0x4 ./Middlewares/Third_Party/FreeRTOS/Source/tasks.o
 .bss.xSuspendedTaskList
                0x0000000020000938       0x14 ./Middlewares/Third_Party/FreeRTOS/Source/tasks.o
 .bss.uxCurrentNumberOfTasks
                0x000000002000094c        0x4 ./Middlewares/Third_Party/FreeRTOS/Source/tasks.o
 .bss.xTickCount
                0x0000000020000950        0x4 ./Middlewares/Third_Party/FreeRTOS/Source/tasks.o
 .bss.uxTopReadyPriority
                0x0000000020000954        0x4 ./Middlewares/Third_Party/FreeRTOS/Source/tasks.o
 .bss.xSchedulerRunning
                0x0000000020000958        0x4 ./Middlewares/Third_Party/FreeRTOS/Source/tasks.o
 .bss.xPendedTicks
                0x000000002000095c        0x4 ./Middlewares/Third_Party/FreeRTOS/Source/tasks.o
 .bss.xYieldPending
                0x0000000020000960        0x4 ./Middlewares/Third_Party/FreeRTOS/Source/tasks.o
 .bss.xNumOfOverflows
                0x0000000020000964        0x4 ./Middlewares/Third_Party/FreeRTOS/Source/tasks.o
 .bss.uxTaskNumber
                0x0000000020000968        0x4 ./Middlewares/Third_Party/FreeRTOS/Source/tasks.o
 .bss.xNextTaskUnblockTime
                0x000000002000096c        0x4 ./Middlewares/Third_Party/FreeRTOS/Source/tasks.o
 .bss.xIdleTaskHandle
                0x0000000020000970        0x4 ./Middlewares/Third_Party/FreeRTOS/Source/tasks.o
 .bss.uxSchedulerSuspended
                0x0000000020000974        0x4 ./Middlewares/Third_Party/FreeRTOS/Source/tasks.o
 .bss.ucMaxSysCallPriority
                0x0000000020000978        0x1 ./Middlewares/Third_Party/FreeRTOS/Source/portable/GCC/ARM_CM4F/port.o
 *fill*         0x0000000020000979        0x3 
 .bss.ulMaxPRIGROUPValue
                0x000000002000097c        0x4 ./Middlewares/Third_Party/FreeRTOS/Source/portable/GCC/ARM_CM4F/port.o
 .bss.ucHeap    0x0000000020000980     0x3c00 ./Middlewares/Third_Party/FreeRTOS/Source/portable/MemMang/heap_4.o
 .bss.xStart    0x0000000020004580        0x8 ./Middlewares/Third_Party/FreeRTOS/Source/portable/MemMang/heap_4.o
 .bss.pxEnd     0x0000000020004588        0x4 ./Middlewares/Third_Party/FreeRTOS/Source/portable/MemMang/heap_4.o
 .bss.xFreeBytesRemaining
                0x000000002000458c        0x4 ./Middlewares/Third_Party/FreeRTOS/Source/portable/MemMang/heap_4.o
 .bss.xMinimumEverFreeBytesRemaining
                0x0000000020004590        0x4 ./Middlewares/Third_Party/FreeRTOS/Source/portable/MemMang/heap_4.o
 .bss.xNumberOfSuccessfulAllocations
                0x0000000020004594        0x4 ./Middlewares/Third_Party/FreeRTOS/Source/portable/MemMang/heap_4.o
 .bss.xNumberOfSuccessfulFrees
                0x0000000020004598        0x4 ./Middlewares/Third_Party/FreeRTOS/Source/portable/MemMang/heap_4.o
 .bss.xBlockAllocatedBit
                0x000000002000459c        0x4 ./Middlewares/Third_Party/FreeRTOS/Source/portable/MemMang/heap_4.o
 .bss.__sf      0x00000000200045a0      0x138 C:/ST/STM32CubeIDE_1.13.2/STM32CubeIDE/plugins/com.st.stm32cube.ide.mcu.externaltools.gnu-tools-for-stm32.11.3.rel1.win32_1.1.1.202309131626/tools/bin/../lib/gcc/arm-none-eabi/11.3.1/../../../../arm-none-eabi/lib/thumb/v7e-m+fp/hard\libc_nano.a(libc_a-findfp.o)
                0x00000000200045a0                __sf
 .bss.__stdio_exit_handler
                0x00000000200046d8        0x4 C:/ST/STM32CubeIDE_1.13.2/STM32CubeIDE/plugins/com.st.stm32cube.ide.mcu.externaltools.gnu-tools-for-stm32.11.3.rel1.win32_1.1.1.202309131626/tools/bin/../lib/gcc/arm-none-eabi/11.3.1/../../../../arm-none-eabi/lib/thumb/v7e-m+fp/hard\libc_nano.a(libc_a-findfp.o)
                0x00000000200046d8                __stdio_exit_handler
 .bss.errno     0x00000000200046dc        0x4 C:/ST/STM32CubeIDE_1.13.2/STM32CubeIDE/plugins/com.st.stm32cube.ide.mcu.externaltools.gnu-tools-for-stm32.11.3.rel1.win32_1.1.1.202309131626/tools/bin/../lib/gcc/arm-none-eabi/11.3.1/../../../../arm-none-eabi/lib/thumb/v7e-m+fp/hard\libc_nano.a(libc_a-reent.o)
                0x00000000200046dc                errno
 .bss.__lock___malloc_recursive_mutex
                0x00000000200046e0        0x1 C:/ST/STM32CubeIDE_1.13.2/STM32CubeIDE/plugins/com.st.stm32cube.ide.mcu.externaltools.gnu-tools-for-stm32.11.3.rel1.win32_1.1.1.202309131626/tools/bin/../lib/gcc/arm-none-eabi/11.3.1/../../../../arm-none-eabi/lib/thumb/v7e-m+fp/hard\libc_nano.a(libc_a-lock.o)
                0x00000000200046e0                __lock___malloc_recursive_mutex
 .bss.__lock___sfp_recursive_mutex
                0x00000000200046e1        0x1 C:/ST/STM32CubeIDE_1.13.2/STM32CubeIDE/plugins/com.st.stm32cube.ide.mcu.externaltools.gnu-tools-for-stm32.11.3.rel1.win32_1.1.1.202309131626/tools/bin/../lib/gcc/arm-none-eabi/11.3.1/../../../../arm-none-eabi/lib/thumb/v7e-m+fp/hard\libc_nano.a(libc_a-lock.o)
                0x00000000200046e1                __lock___sfp_recursive_mutex
 *fill*         0x00000000200046e2        0x2 
 .bss.__malloc_free_list
                0x00000000200046e4        0x4 C:/ST/STM32CubeIDE_1.13.2/STM32CubeIDE/plugins/com.st.stm32cube.ide.mcu.externaltools.gnu-tools-for-stm32.11.3.rel1.win32_1.1.1.202309131626/tools/bin/../lib/gcc/arm-none-eabi/11.3.1/../../../../arm-none-eabi/lib/thumb/v7e-m+fp/hard\libc_nano.a(libc_a-mallocr.o)
                0x00000000200046e4                __malloc_free_list
 .bss.__malloc_sbrk_start
                0x00000000200046e8        0x4 C:/ST/STM32CubeIDE_1.13.2/STM32CubeIDE/plugins/com.st.stm32cube.ide.mcu.externaltools.gnu-tools-for-stm32.11.3.rel1.win32_1.1.1.202309131626/tools/bin/../lib/gcc/arm-none-eabi/11.3.1/../../../../arm-none-eabi/lib/thumb/v7e-m+fp/hard\libc_nano.a(libc_a-mallocr.o)
                0x00000000200046e8                __malloc_sbrk_start
 *(COMMON)
                0x00000000200046ec                . = ALIGN (0x4)
                0x00000000200046ec                _ebss = .
                0x00000000200046ec                __bss_end__ = _ebss

._user_heap_stack
                0x00000000200046ec      0x604
                0x00000000200046f0                . = ALIGN (0x8)
 *fill*         0x00000000200046ec        0x4 
                [!provide]                        PROVIDE (end = .)
                0x00000000200046f0                PROVIDE (_end = .)
                0x00000000200048f0                . = (. + _Min_Heap_Size)