../Core/Src/CAN_SPI.c:336:13:convertCANid2Reg.constprop	0	static
../Core/Src/CAN_SPI.c:24:6:CANSPI_Sleep	8	static
../Core/Src/CAN_SPI.c:36:5:CANSPI_Initialize	40	static
../Core/Src/CAN_SPI.c:137:9:CANSPI_Transmit	16	static
../Core/Src/CAN_SPI.c:185:9:CANSPI_Receive	32	static
../Core/Src/CAN_SPI.c:236:9:CANSPI_messagesInBuffer	8	static
../Core/Src/CAN_SPI.c:256:9:CANSPI_isBussOff	8	static
../Core/Src/CAN_SPI.c:271:9:CANSPI_isRxErrorPassive	8	static
../Core/Src/CAN_SPI.c:286:9:CANSPI_isTxErrorPassive	8	static
