../Core/Src/stm32f4xx_it.c:71:6:NMI_Handler	0	static
../Core/Src/stm32f4xx_it.c:86:6:HardFault_Handler	0	static
../Core/Src/stm32f4xx_it.c:101:6:MemManage_Handler	0	static
../Core/Src/stm32f4xx_it.c:116:6:BusFault_Handler	0	static
../Core/Src/stm32f4xx_it.c:131:6:UsageFault_Handler	0	static
../Core/Src/stm32f4xx_it.c:146:6:DebugMon_Handler	0	static
../Core/Src/stm32f4xx_it.c:166:6:EXTI0_IRQHandler	0	static
../Core/Src/stm32f4xx_it.c:180:6:EXTI1_IRQHandler	0	static
../Core/Src/stm32f4xx_it.c:194:6:EXTI2_IRQHandler	0	static
../Core/Src/stm32f4xx_it.c:208:6:EXTI3_IRQHandler	0	static
../Core/Src/stm32f4xx_it.c:222:6:EXTI4_IRQHandler	0	static
../Core/Src/stm32f4xx_it.c:236:6:EXTI9_5_IRQHandler	8	static
../Core/Src/stm32f4xx_it.c:252:6:USART3_IRQHandler	0	static
../Core/Src/stm32f4xx_it.c:266:6:EXTI15_10_IRQHandler	8	static
../Core/Src/stm32f4xx_it.c:284:6:TIM7_IRQHandler	0	static
