../Core/Src/main.c:120:5:map	24	static
../Core/Src/main.c:124:5:_write	24	static
../Core/Src/main.c:128:6:mode_padi	8	static
../Core/Src/main.c:412:6:mode_bola	8	static
../Core/Src/main.c:619:5:main	104	static
../Core/Src/main.c:745:6:SystemClock_Config	88	static
../Core/Src/main.c:798:13:MX_SPI5_Init	8	static
../Core/Src/main.c:836:13:MX_TIM1_Init	96	static
../Core/Src/main.c:923:13:MX_TIM3_Init	64	static
../Core/Src/main.c:994:13:MX_TIM4_Init	64	static
../Core/Src/main.c:1065:13:MX_TIM5_Init	64	static
../Core/Src/main.c:1128:13:MX_TIM8_Init	96	static
../Core/Src/main.c:1207:13:MX_TIM9_Init	56	static
../Core/Src/main.c:1263:13:MX_TIM12_Init	56	static
../Core/Src/main.c:1319:13:MX_USART3_UART_Init	8	static
../Core/Src/main.c:1352:13:MX_GPIO_Init	64	static
../Core/Src/main.c:1506:6:HAL_GPIO_EXTI_Callback	16	static
../Core/Src/main.c:1536:6:InputHandle_Task	16	static
../Core/Src/main.c:1564:6:MechanismHandle_Task	16	static
../Core/Src/main.c:1608:6:OmniHandle_Task	32	static
../Core/Src/main.c:1666:6:HAL_TIM_PeriodElapsedCallback	16	static
../Core/Src/main.c:1683:6:Error_Handler	4	static,ignoring_inline_asm
